Archive member included because of file (symbol)

d:/program files (x86)/atmel/studio/7.0/toolchain/arm/arm-gnu-toolchain/bin/../lib/gcc/arm-none-eabi/4.9.3/armv6-m\libgcc.a(_udivsi3.o)
                              src/ASF/sam0/drivers/nvm/nvm.o (__aeabi_uidiv)
d:/program files (x86)/atmel/studio/7.0/toolchain/arm/arm-gnu-toolchain/bin/../lib/gcc/arm-none-eabi/4.9.3/armv6-m\libgcc.a(_divsi3.o)
                              src/timer.o (__aeabi_idivmod)
d:/program files (x86)/atmel/studio/7.0/toolchain/arm/arm-gnu-toolchain/bin/../lib/gcc/arm-none-eabi/4.9.3/armv6-m\libgcc.a(_dvmd_tls.o)
                              d:/program files (x86)/atmel/studio/7.0/toolchain/arm/arm-gnu-toolchain/bin/../lib/gcc/arm-none-eabi/4.9.3/armv6-m\libgcc.a(_udivsi3.o) (__aeabi_idiv0)
d:/program files (x86)/atmel/studio/7.0/toolchain/arm/arm-gnu-toolchain/bin/../lib/gcc/arm-none-eabi/4.9.3/armv6-m\libgcc.a(_muldi3.o)
                              src/ASF/sam0/drivers/sercom/sercom.o (__aeabi_lmul)
d:/program files (x86)/atmel/studio/7.0/toolchain/arm/arm-gnu-toolchain/bin/../lib/gcc/arm-none-eabi/4.9.3/../../../../arm-none-eabi/lib/armv6-m\libc_nano.a(lib_a-exit.o)
                              d:/program files (x86)/atmel/studio/7.0/toolchain/arm/arm-gnu-toolchain/bin/../lib/gcc/arm-none-eabi/4.9.3/../../../../arm-none-eabi/lib/armv6-m/crt0.o (exit)
d:/program files (x86)/atmel/studio/7.0/toolchain/arm/arm-gnu-toolchain/bin/../lib/gcc/arm-none-eabi/4.9.3/../../../../arm-none-eabi/lib/armv6-m\libc_nano.a(lib_a-impure.o)
                              d:/program files (x86)/atmel/studio/7.0/toolchain/arm/arm-gnu-toolchain/bin/../lib/gcc/arm-none-eabi/4.9.3/../../../../arm-none-eabi/lib/armv6-m\libc_nano.a(lib_a-exit.o) (_global_impure_ptr)
d:/program files (x86)/atmel/studio/7.0/toolchain/arm/arm-gnu-toolchain/bin/../lib/gcc/arm-none-eabi/4.9.3/../../../../arm-none-eabi/lib/armv6-m\libc_nano.a(lib_a-init.o)
                              d:/program files (x86)/atmel/studio/7.0/toolchain/arm/arm-gnu-toolchain/bin/../lib/gcc/arm-none-eabi/4.9.3/../../../../arm-none-eabi/lib/armv6-m/crt0.o (__libc_init_array)
d:/program files (x86)/atmel/studio/7.0/toolchain/arm/arm-gnu-toolchain/bin/../lib/gcc/arm-none-eabi/4.9.3/../../../../arm-none-eabi/lib/armv6-m\libc_nano.a(lib_a-memcpy.o)
                              src/ASF/sam0/drivers/nvm/nvm.o (memcpy)
d:/program files (x86)/atmel/studio/7.0/toolchain/arm/arm-gnu-toolchain/bin/../lib/gcc/arm-none-eabi/4.9.3/../../../../arm-none-eabi/lib/armv6-m\libc_nano.a(lib_a-memset.o)
                              d:/program files (x86)/atmel/studio/7.0/toolchain/arm/arm-gnu-toolchain/bin/../lib/gcc/arm-none-eabi/4.9.3/../../../../arm-none-eabi/lib/armv6-m/crt0.o (memset)
d:/program files (x86)/atmel/studio/7.0/toolchain/arm/arm-gnu-toolchain/bin/../lib/gcc/arm-none-eabi/4.9.3/../../../../arm-none-eabi/lib/armv6-m\libc_nano.a(lib_a-printf.o)
                              src/ASF/sam0/utils/syscalls/gcc/syscalls.o (printf)
d:/program files (x86)/atmel/studio/7.0/toolchain/arm/arm-gnu-toolchain/bin/../lib/gcc/arm-none-eabi/4.9.3/../../../../arm-none-eabi/lib/armv6-m\libc_nano.a(lib_a-findfp.o)
                              d:/program files (x86)/atmel/studio/7.0/toolchain/arm/arm-gnu-toolchain/bin/../lib/gcc/arm-none-eabi/4.9.3/../../../../arm-none-eabi/lib/armv6-m\libc_nano.a(lib_a-printf.o) (__sinit)
d:/program files (x86)/atmel/studio/7.0/toolchain/arm/arm-gnu-toolchain/bin/../lib/gcc/arm-none-eabi/4.9.3/../../../../arm-none-eabi/lib/armv6-m\libc_nano.a(lib_a-fwalk.o)
                              d:/program files (x86)/atmel/studio/7.0/toolchain/arm/arm-gnu-toolchain/bin/../lib/gcc/arm-none-eabi/4.9.3/../../../../arm-none-eabi/lib/armv6-m\libc_nano.a(lib_a-findfp.o) (_fwalk)
d:/program files (x86)/atmel/studio/7.0/toolchain/arm/arm-gnu-toolchain/bin/../lib/gcc/arm-none-eabi/4.9.3/../../../../arm-none-eabi/lib/armv6-m\libc_nano.a(lib_a-nano-mallocr.o)
                              d:/program files (x86)/atmel/studio/7.0/toolchain/arm/arm-gnu-toolchain/bin/../lib/gcc/arm-none-eabi/4.9.3/../../../../arm-none-eabi/lib/armv6-m\libc_nano.a(lib_a-findfp.o) (_malloc_r)
d:/program files (x86)/atmel/studio/7.0/toolchain/arm/arm-gnu-toolchain/bin/../lib/gcc/arm-none-eabi/4.9.3/../../../../arm-none-eabi/lib/armv6-m\libc_nano.a(lib_a-nano-vfprintf.o)
                              d:/program files (x86)/atmel/studio/7.0/toolchain/arm/arm-gnu-toolchain/bin/../lib/gcc/arm-none-eabi/4.9.3/../../../../arm-none-eabi/lib/armv6-m\libc_nano.a(lib_a-printf.o) (_vfprintf_r)
d:/program files (x86)/atmel/studio/7.0/toolchain/arm/arm-gnu-toolchain/bin/../lib/gcc/arm-none-eabi/4.9.3/../../../../arm-none-eabi/lib/armv6-m\libc_nano.a(lib_a-nano-vfprintf_i.o)
                              d:/program files (x86)/atmel/studio/7.0/toolchain/arm/arm-gnu-toolchain/bin/../lib/gcc/arm-none-eabi/4.9.3/../../../../arm-none-eabi/lib/armv6-m\libc_nano.a(lib_a-nano-vfprintf.o) (_printf_i)
[...]
Memory Configuration

Name             Origin             Length             Attributes
rom              0x00000000         0x00040000         xr
ram              0x20000000         0x00008000         xrw
*default*        0x00000000         0xffffffff

Linker script and memory map

LOAD d:/program files (x86)/atmel/studio/7.0/toolchain/arm/arm-gnu-toolchain/bin/../lib/gcc/arm-none-eabi/4.9.3/armv6-m/crti.o
LOAD d:/program files (x86)/atmel/studio/7.0/toolchain/arm/arm-gnu-toolchain/bin/../lib/gcc/arm-none-eabi/4.9.3/armv6-m/crtbegin.o
LOAD d:/program files (x86)/atmel/studio/7.0/toolchain/arm/arm-gnu-toolchain/bin/../lib/gcc/arm-none-eabi/4.9.3/../../../../arm-none-eabi/lib/armv6-m/crt0.o
LOAD src/ASF/sam0/drivers/nvm/nvm.o
LOAD src/ASF/sam0/drivers/sercom/i2c/i2c_samd20/i2c_master.o
LOAD src/ASF/sam0/drivers/sercom/i2c/i2c_samd20/i2c_master_interrupt.o
LOAD src/ASF/sam0/drivers/wdt/wdt.o
LOAD src/ASF/sam0/drivers/wdt/wdt_callback.o
LOAD src/fw_update.o
LOAD src/i2c_master_link.o
LOAD src/usart_app.o
LOAD src/usart_i2c.o
LOAD src/usart_link.o
LOAD src/ASF/sam0/drivers/tc/tc_interrupt.o
LOAD src/ASF/sam0/drivers/tc/tc_sam_d_r/tc.o
LOAD src/gpio.o
LOAD src/timer.o
LOAD src/ASF/common2/services/delay/sam0/systick_counter.o
LOAD src/ASF/sam0/components/ethernet_phy/ksz8851snl/ksz8851snl.o
LOAD src/ASF/sam0/drivers/extint/extint_callback.o
LOAD src/ASF/sam0/drivers/extint/extint_sam_d_r/extint.o
LOAD src/ASF/sam0/drivers/sercom/spi/spi.o
LOAD src/ASF/sam0/drivers/sercom/spi/spi_interrupt.o
LOAD src/ASF/common2/boards/user_board/init.o
LOAD src/ASF/common/utils/interrupt/interrupt_sam_nvic.o
LOAD src/ASF/sam0/drivers/port/port.o
LOAD src/ASF/sam0/drivers/sercom/sercom.o
LOAD src/ASF/sam0/drivers/sercom/sercom_interrupt.o
LOAD src/ASF/sam0/drivers/sercom/usart/usart.o
LOAD src/ASF/sam0/drivers/sercom/usart/usart_interrupt.o
LOAD src/ASF/sam0/drivers/system/clock/clock_samd20/clock.o
LOAD src/ASF/sam0/drivers/system/clock/clock_samd20/gclk.o
LOAD src/ASF/sam0/drivers/system/interrupt/system_interrupt.o
LOAD src/ASF/sam0/drivers/system/pinmux/pinmux.o
LOAD src/ASF/sam0/drivers/system/system.o
LOAD src/ASF/sam0/utils/cmsis/samd20/source/gcc/startup_samd20.o
LOAD src/ASF/sam0/utils/cmsis/samd20/source/system_samd20.o
LOAD src/ASF/sam0/utils/syscalls/gcc/syscalls.o
LOAD src/main.o
START GROUP
LOAD ../src/ASF/thirdparty/CMSIS/Lib/GCC\libarm_cortexM0l_math.a
LOAD d:/program files (x86)/atmel/studio/7.0/toolchain/arm/arm-gnu-toolchain/bin/../lib/gcc/arm-none-eabi/4.9.3/../../../../arm-none-eabi/lib/armv6-m\libm.a
END GROUP
START GROUP
LOAD d:/program files (x86)/atmel/studio/7.0/toolchain/arm/arm-gnu-toolchain/bin/../lib/gcc/arm-none-eabi/4.9.3/armv6-m\libgcc.a
LOAD d:/program files (x86)/atmel/studio/7.0/toolchain/arm/arm-gnu-toolchain/bin/../lib/gcc/arm-none-eabi/4.9.3/../../../../arm-none-eabi/lib/armv6-m\libc_nano.a
END GROUP
START GROUP
LOAD d:/program files (x86)/atmel/studio/7.0/toolchain/arm/arm-gnu-toolchain/bin/../lib/gcc/arm-none-eabi/4.9.3/armv6-m\libgcc.a
LOAD d:/program files (x86)/atmel/studio/7.0/toolchain/arm/arm-gnu-toolchain/bin/../lib/gcc/arm-none-eabi/4.9.3/../../../../arm-none-eabi/lib/armv6-m\libc_nano.a
END GROUP
LOAD d:/program files (x86)/atmel/studio/7.0/toolchain/arm/arm-gnu-toolchain/bin/../lib/gcc/arm-none-eabi/4.9.3/armv6-m/crtend.o
LOAD d:/program files (x86)/atmel/studio/7.0/toolchain/arm/arm-gnu-toolchain/bin/../lib/gcc/arm-none-eabi/4.9.3/armv6-m/crtn.o
                0x00002000                STACK_SIZE = DEFINED (STACK_SIZE)?STACK_SIZE:DEFINED (__stack_size__)?__stack_size__:0x2000

.text           0x00000000     0x3988
                0x00000000                . = ALIGN (0x4)
                0x00000000                _sfixed = .
 *(.vectors .vectors.*)
 .vectors       0x00000000       0xa4 src/ASF/sam0/utils/cmsis/samd20/source/gcc/startup_samd20.o
                0x00000000                exception_table
 *(.text .text.* .gnu.linkonce.t.*)
 .text          0x000000a4       0x60 d:/program files (x86)/atmel/studio/7.0/toolchain/arm/arm-gnu-toolchain/bin/../lib/gcc/arm-none-eabi/4.9.3/armv6-m/crtbegin.o
 .text.nvm_set_config
                0x00000104       0x88 src/ASF/sam0/drivers/nvm/nvm.o
                0x00000104                nvm_set_config
 .text.nvm_write_buffer
                0x0000018c       0xec src/ASF/sam0/drivers/nvm/nvm.o
                0x0000018c                nvm_write_buffer
 .text.nvm_erase_row
                0x00000278       0x54 src/ASF/sam0/drivers/nvm/nvm.o
                0x00000278                nvm_erase_row
 .text._i2c_master_write_packet.isra.1
                0x000002cc       0xec src/ASF/sam0/drivers/sercom/i2c/i2c_samd20/i2c_master.o
 .text.i2c_master_init
                0x000003b8      0x1ac src/ASF/sam0/drivers/sercom/i2c/i2c_samd20/i2c_master.o
                0x000003b8                i2c_master_init
 .text.i2c_master_write_packet_wait
                0x00000564       0x28 src/ASF/sam0/drivers/sercom/i2c/i2c_samd20/i2c_master.o
                0x00000564                i2c_master_write_packet_wait
 .text._i2c_master_interrupt_handler
                0x0000058c      0x2e0 src/ASF/sam0/drivers/sercom/i2c/i2c_samd20/i2c_master_interrupt.o
                0x0000058c                _i2c_master_interrupt_handler
 .text.wdt_set_config
                0x0000086c       0xf8 src/ASF/sam0/drivers/wdt/wdt.o
                0x0000086c                wdt_set_config
 .text.WDT_Handler
                0x00000964       0x1c src/ASF/sam0/drivers/wdt/wdt_callback.o
                0x00000964                WDT_Handler
 .text.fw_update_init
                0x00000980       0x30 src/fw_update.o
                0x00000980                fw_update_init
 .text.fw_update
                0x000009b0      0x23c src/fw_update.o
                0x000009b0                fw_update
 .text.fw_update_done
                0x00000bec       0x28 src/fw_update.o
                0x00000bec                fw_update_done
 .text.i2c_link_init
                0x00000c14       0x98 src/i2c_master_link.o
                0x00000c14                i2c_link_init
 .text.i2c_master_write
                0x00000cac       0x48 src/i2c_master_link.o
                0x00000cac                i2c_master_write
 .text.usart_feedback
                0x00000cf4       0x34 src/usart_app.o
                0x00000cf4                usart_feedback
 .text.usart_sys_reset
                0x00000d28       0x28 src/usart_app.o
                0x00000d28                usart_sys_reset
 .text.usart_protocol_analysis
                0x00000d50      0x6ec src/usart_app.o
                0x00000d50                usart_protocol_analysis
 .text.usart_2_i2c_mode
                0x0000143c       0x4c src/usart_app.o
                0x0000143c                usart_2_i2c_mode
 .text.usart_waiting
                0x00001488       0x10 src/usart_app.o
                0x00001488                usart_waiting
 .text.usart_2_iic_operation
                0x00001498      0x1f0 src/usart_i2c.o
                0x00001498                usart_2_iic_operation
 .text.usart_2_iic_timeout
                0x00001688       0x24 src/usart_i2c.o
                0x00001688                usart_2_iic_timeout
 .text.usart_read_callback
                0x000016ac       0xb4 src/usart_link.o
 .text.usart_link_init
                0x00001760       0xd8 src/usart_link.o
                0x00001760                usart_link_init
 .text.usart_read_data
                0x00001838       0x18 src/usart_link.o
                0x00001838                usart_read_data
 .text.usart_get_rx_frame
                0x00001850       0x54 src/usart_link.o
                0x00001850                usart_get_rx_frame
 .text.usart_set_tx_frame
                0x000018a4       0x34 src/usart_link.o
                0x000018a4                usart_set_tx_frame
 .text.usart_send_data
                0x000018d8       0x1c src/usart_link.o
                0x000018d8                usart_send_data
 .text.tc_register_callback
                0x000018f4       0x34 src/ASF/sam0/drivers/tc/tc_interrupt.o
                0x000018f4                tc_register_callback
 .text.TC0_Handler
                0x00001928       0x60 src/ASF/sam0/drivers/tc/tc_interrupt.o
                0x00001928                TC0_Handler
 .text.TC1_Handler
                0x00001988       0x60 src/ASF/sam0/drivers/tc/tc_interrupt.o
                0x00001988                TC1_Handler
 .text.TC2_Handler
                0x000019e8       0x60 src/ASF/sam0/drivers/tc/tc_interrupt.o
                0x000019e8                TC2_Handler
 .text.TC3_Handler
                0x00001a48       0x60 src/ASF/sam0/drivers/tc/tc_interrupt.o
                0x00001a48                TC3_Handler
 .text.TC4_Handler
                0x00001aa8       0x60 src/ASF/sam0/drivers/tc/tc_interrupt.o
                0x00001aa8                TC4_Handler
 .text.TC5_Handler
                0x00001b08       0x60 src/ASF/sam0/drivers/tc/tc_interrupt.o
                0x00001b08                TC5_Handler
 .text.TC6_Handler
                0x00001b68       0x60 src/ASF/sam0/drivers/tc/tc_interrupt.o
                0x00001b68                TC6_Handler
 .text.TC7_Handler
                0x00001bc8       0x60 src/ASF/sam0/drivers/tc/tc_interrupt.o
                0x00001bc8                TC7_Handler
 .text._tc_get_inst_index
                0x00001c28       0x80 src/ASF/sam0/drivers/tc/tc_sam_d_r/tc.o
                0x00001c28                _tc_get_inst_index
 .text.tc_init  0x00001ca8      0x304 src/ASF/sam0/drivers/tc/tc_sam_d_r/tc.o
                0x00001ca8                tc_init
 .text.gpio_init
                0x00001fac      0x200 src/gpio.o
                0x00001fac                gpio_init
 .text.tc_callback_0_5ms
                0x000021ac       0xd4 src/timer.o
 .text.timer_delay_ms
                0x00002280       0x1c src/timer.o
                0x00002280                timer_delay_ms
 .text.timer_init
                0x0000229c       0xc4 src/timer.o
                0x0000229c                timer_init
 .text.EIC_Handler
                0x00002360       0x40 src/ASF/sam0/drivers/extint/extint_callback.o
                0x00002360                EIC_Handler
 .text._system_extint_init
                0x000023a0       0x74 src/ASF/sam0/drivers/extint/extint_sam_d_r/extint.o
                0x000023a0                _system_extint_init
 .text.system_board_init
                0x00002414        0x4 src/ASF/common2/boards/user_board/init.o
                0x00002414                board_init
                0x00002414                system_board_init
 .text.cpu_irq_enter_critical
                0x00002418       0x3c src/ASF/common/utils/interrupt/interrupt_sam_nvic.o
                0x00002418                cpu_irq_enter_critical
 .text.cpu_irq_leave_critical
                0x00002454       0x30 src/ASF/common/utils/interrupt/interrupt_sam_nvic.o
                0x00002454                cpu_irq_leave_critical
 .text.port_pin_set_config
                0x00002484       0x24 src/ASF/sam0/drivers/port/port.o
                0x00002484                port_pin_set_config
 .text._sercom_get_sync_baud_val
                0x000024a8       0x28 src/ASF/sam0/drivers/sercom/sercom.o
                0x000024a8                _sercom_get_sync_baud_val
 .text._sercom_get_async_baud_val
                0x000024d0      0x1ec src/ASF/sam0/drivers/sercom/sercom.o
                0x000024d0                _sercom_get_async_baud_val
 .text.sercom_set_gclk_generator
                0x000026bc       0x48 src/ASF/sam0/drivers/sercom/sercom.o
                0x000026bc                sercom_set_gclk_generator
 .text._sercom_get_default_pad
                0x00002704      0x160 src/ASF/sam0/drivers/sercom/sercom.o
                0x00002704                _sercom_get_default_pad
 .text._sercom_get_sercom_inst_index
                0x00002864       0x64 src/ASF/sam0/drivers/sercom/sercom.o
                0x00002864                _sercom_get_sercom_inst_index
 .text._sercom_default_handler
                0x000028c8        0x4 src/ASF/sam0/drivers/sercom/sercom_interrupt.o
 .text._sercom_set_handler
                0x000028cc       0x44 src/ASF/sam0/drivers/sercom/sercom_interrupt.o
                0x000028cc                _sercom_set_handler
 .text._sercom_get_interrupt_vector
                0x00002910       0x2c src/ASF/sam0/drivers/sercom/sercom_interrupt.o
                0x00002910                _sercom_get_interrupt_vector
 .text.SERCOM0_Handler
                0x0000293c       0x10 src/ASF/sam0/drivers/sercom/sercom_interrupt.o
                0x0000293c                SERCOM0_Handler
 .text.SERCOM1_Handler
                0x0000294c       0x10 src/ASF/sam0/drivers/sercom/sercom_interrupt.o
                0x0000294c                SERCOM1_Handler
 .text.SERCOM2_Handler
                0x0000295c       0x10 src/ASF/sam0/drivers/sercom/sercom_interrupt.o
                0x0000295c                SERCOM2_Handler
 .text.SERCOM3_Handler
                0x0000296c       0x10 src/ASF/sam0/drivers/sercom/sercom_interrupt.o
                0x0000296c                SERCOM3_Handler
 .text.SERCOM4_Handler
                0x0000297c       0x10 src/ASF/sam0/drivers/sercom/sercom_interrupt.o
                0x0000297c                SERCOM4_Handler
 .text.SERCOM5_Handler
                0x0000298c       0x10 src/ASF/sam0/drivers/sercom/sercom_interrupt.o
                0x0000298c                SERCOM5_Handler
 .text.usart_init
                0x0000299c      0x25c src/ASF/sam0/drivers/sercom/usart/usart.o
                0x0000299c                usart_init
 .text.usart_register_callback
                0x00002bf8       0x18 src/ASF/sam0/drivers/sercom/usart/usart_interrupt.o
                0x00002bf8                usart_register_callback
 .text.usart_read_job
                0x00002c10       0x3c src/ASF/sam0/drivers/sercom/usart/usart_interrupt.o
                0x00002c10                usart_read_job
 .text.usart_write_buffer_job
                0x00002c4c       0x4c src/ASF/sam0/drivers/sercom/usart/usart_interrupt.o
                0x00002c4c                usart_write_buffer_job
 .text._usart_interrupt_handler
                0x00002c98      0x12c src/ASF/sam0/drivers/sercom/usart/usart_interrupt.o
                0x00002c98                _usart_interrupt_handler
 .text.system_clock_source_get_hz
                0x00002dc4       0x7c src/ASF/sam0/drivers/system/clock/clock_samd20/clock.o
                0x00002dc4                system_clock_source_get_hz
 .text.system_clock_init
                0x00002e40      0x1cc src/ASF/sam0/drivers/system/clock/clock_samd20/clock.o
                0x00002e40                system_clock_init
 .text.system_gclk_init
                0x0000300c       0x24 src/ASF/sam0/drivers/system/clock/clock_samd20/gclk.o
                0x0000300c                system_gclk_init
 .text.system_gclk_gen_set_config
                0x00003030       0xb0 src/ASF/sam0/drivers/system/clock/clock_samd20/gclk.o
                0x00003030                system_gclk_gen_set_config
 .text.system_gclk_gen_enable
                0x000030e0       0x44 src/ASF/sam0/drivers/system/clock/clock_samd20/gclk.o
                0x000030e0                system_gclk_gen_enable
 .text.system_gclk_chan_set_config
                0x00003124       0x64 src/ASF/sam0/drivers/system/clock/clock_samd20/gclk.o
                0x00003124                system_gclk_chan_set_config
 .text.system_gclk_chan_enable
                0x00003188       0x30 src/ASF/sam0/drivers/system/clock/clock_samd20/gclk.o
                0x00003188                system_gclk_chan_enable
 .text.system_gclk_chan_lock
                0x000031b8       0x30 src/ASF/sam0/drivers/system/clock/clock_samd20/gclk.o
                0x000031b8                system_gclk_chan_lock
 .text.system_gclk_chan_get_hz
                0x000031e8       0xa4 src/ASF/sam0/drivers/system/clock/clock_samd20/gclk.o
                0x000031e8                system_gclk_chan_get_hz
 .text.system_pinmux_pin_set_config
                0x0000328c       0xd0 src/ASF/sam0/drivers/system/pinmux/pinmux.o
                0x0000328c                system_pinmux_pin_set_config
 .text._system_dummy_init
                0x0000335c        0x4 src/ASF/sam0/drivers/system/system.o
                0x0000335c                _system_events_init
                0x0000335c                _system_dummy_init
                0x0000335c                _system_divas_init
 .text.system_init
                0x00003360       0x2c src/ASF/sam0/drivers/system/system.o
                0x00003360                system_init
 .text.Dummy_Handler
                0x0000338c        0x4 src/ASF/sam0/utils/cmsis/samd20/source/gcc/startup_samd20.o
                0x0000338c                HardFault_Handler
                0x0000338c                AC_Handler
                0x0000338c                SysTick_Handler
                0x0000338c                PendSV_Handler
                0x0000338c                NMI_Handler
                0x0000338c                ADC_Handler
                0x0000338c                RTC_Handler
                0x0000338c                Dummy_Handler
                0x0000338c                PM_Handler
                0x0000338c                SVC_Handler
                0x0000338c                EVSYS_Handler
                0x0000338c                NVMCTRL_Handler
                0x0000338c                DAC_Handler
                0x0000338c                PTC_Handler
                0x0000338c                SYSCTRL_Handler
 .text.Reset_Handler
                0x00003390       0x84 src/ASF/sam0/utils/cmsis/samd20/source/gcc/startup_samd20.o
                0x00003390                Reset_Handler
 .text.startup.main
                0x00003414       0x94 src/main.o
                0x00003414                main
 .text          0x000034a8      0x120 d:/program files (x86)/atmel/studio/7.0/toolchain/arm/arm-gnu-toolchain/bin/../lib/gcc/arm-none-eabi/4.9.3/armv6-m\libgcc.a(_udivsi3.o)
                0x000034a8                __aeabi_uidiv
                0x000034a8                __udivsi3
                0x000035b4                __aeabi_uidivmod
 .text          0x000035c8      0x1e0 d:/program files (x86)/atmel/studio/7.0/toolchain/arm/arm-gnu-toolchain/bin/../lib/gcc/arm-none-eabi/4.9.3/armv6-m\libgcc.a(_divsi3.o)
                0x000035c8                __divsi3
                0x000035c8                __aeabi_idiv
                0x00003794                __aeabi_idivmod
 .text          0x000037a8        0x4 d:/program files (x86)/atmel/studio/7.0/toolchain/arm/arm-gnu-toolchain/bin/../lib/gcc/arm-none-eabi/4.9.3/armv6-m\libgcc.a(_dvmd_tls.o)
                0x000037a8                __aeabi_idiv0
                0x000037a8                __aeabi_ldiv0
 .text          0x000037ac       0x54 d:/program files (x86)/atmel/studio/7.0/toolchain/arm/arm-gnu-toolchain/bin/../lib/gcc/arm-none-eabi/4.9.3/armv6-m\libgcc.a(_muldi3.o)
                0x000037ac                __muldi3
                0x000037ac                __aeabi_lmul
 .text.__libc_init_array
                0x00003800       0x4c d:/program files (x86)/atmel/studio/7.0/toolchain/arm/arm-gnu-toolchain/bin/../lib/gcc/arm-none-eabi/4.9.3/../../../../arm-none-eabi/lib/armv6-m\libc_nano.a(lib_a-init.o)
                0x00003800                __libc_init_array
 .text.memcpy   0x0000384c       0x12 d:/program files (x86)/atmel/studio/7.0/toolchain/arm/arm-gnu-toolchain/bin/../lib/gcc/arm-none-eabi/4.9.3/../../../../arm-none-eabi/lib/armv6-m\libc_nano.a(lib_a-memcpy.o)
                0x0000384c                memcpy
 .text.memset   0x0000385e       0x10 d:/program files (x86)/atmel/studio/7.0/toolchain/arm/arm-gnu-toolchain/bin/../lib/gcc/arm-none-eabi/4.9.3/../../../../arm-none-eabi/lib/armv6-m\libc_nano.a(lib_a-memset.o)
                0x0000385e                memset
 *(.glue_7t)
 .glue_7t       0x00000000        0x0 linker stubs
 *(.glue_7)
 .glue_7        0x00000000        0x0 linker stubs
 *(.rodata .rodata* .gnu.linkonce.r.*)
 *fill*         0x0000386e        0x2 
 .rodata.usart_protocol_analysis
                0x00003870       0x1c src/usart_app.o
 .rodata.usart_read_callback
                0x0000388c       0x48 src/usart_link.o
 .rodata        0x000038d4       0x38 src/ASF/sam0/drivers/tc/tc_sam_d_r/tc.o
 .rodata.tc_interrupt_vectors.10896
                0x0000390c        0x8 src/timer.o
 .rodata        0x00003914       0x18 src/ASF/sam0/drivers/sercom/sercom.o
 .rodata        0x0000392c        0x6 src/ASF/sam0/drivers/sercom/sercom_interrupt.o
 *fill*         0x00003932        0x2 
 .rodata.system_clock_source_get_hz
                0x00003934       0x20 src/ASF/sam0/drivers/system/clock/clock_samd20/clock.o
 .rodata.main   0x00003954       0x14 src/main.o
 *(.ARM.extab* .gnu.linkonce.armextab.*)
                0x00003968                . = ALIGN (0x4)
 *(.init)
 .init          0x00003968        0x4 d:/program files (x86)/atmel/studio/7.0/toolchain/arm/arm-gnu-toolchain/bin/../lib/gcc/arm-none-eabi/4.9.3/armv6-m/crti.o
                0x00003968                _init
 .init          0x0000396c        0x8 d:/program files (x86)/atmel/studio/7.0/toolchain/arm/arm-gnu-toolchain/bin/../lib/gcc/arm-none-eabi/4.9.3/armv6-m/crtn.o
                0x00003974                . = ALIGN (0x4)
                0x00003974                __preinit_array_start = .
 *(.preinit_array)
                0x00003974                __preinit_array_end = .
                0x00003974                . = ALIGN (0x4)
                0x00003974                __init_array_start = .
 *(SORT(.init_array.*))
 *(.init_array)
 .init_array    0x00003974        0x4 d:/program files (x86)/atmel/studio/7.0/toolchain/arm/arm-gnu-toolchain/bin/../lib/gcc/arm-none-eabi/4.9.3/armv6-m/crtbegin.o
                0x00003978                __init_array_end = .
                0x00003978                . = ALIGN (0x4)
 *crtbegin.o(.ctors)
 *(EXCLUDE_FILE(*crtend.o) .ctors)
 *(SORT(.ctors.*))
 *crtend.o(.ctors)
                0x00003978                . = ALIGN (0x4)
 *(.fini)
 .fini          0x00003978        0x4 d:/program files (x86)/atmel/studio/7.0/toolchain/arm/arm-gnu-toolchain/bin/../lib/gcc/arm-none-eabi/4.9.3/armv6-m/crti.o
                0x00003978                _fini
 .fini          0x0000397c        0x8 d:/program files (x86)/atmel/studio/7.0/toolchain/arm/arm-gnu-toolchain/bin/../lib/gcc/arm-none-eabi/4.9.3/armv6-m/crtn.o
                0x00003984                . = ALIGN (0x4)
                0x00003984                __fini_array_start = .
 *(.fini_array)
 .fini_array    0x00003984        0x4 d:/program files (x86)/atmel/studio/7.0/toolchain/arm/arm-gnu-toolchain/bin/../lib/gcc/arm-none-eabi/4.9.3/armv6-m/crtbegin.o
 *(SORT(.fini_array.*))
                0x00003988                __fini_array_end = .
 *crtbegin.o(.dtors)
 *(EXCLUDE_FILE(*crtend.o) .dtors)
 *(SORT(.dtors.*))
 *crtend.o(.dtors)
                0x00003988                . = ALIGN (0x4)
                0x00003988                _efixed = .
                0x00003988                PROVIDE (__exidx_start, .)

.vfp11_veneer   0x00003988        0x0
 .vfp11_veneer  0x00000000        0x0 linker stubs

.v4_bx          0x00003988        0x0
 .v4_bx         0x00000000        0x0 linker stubs

.iplt           0x00003988        0x0
 .iplt          0x00000000        0x0 d:/program files (x86)/atmel/studio/7.0/toolchain/arm/arm-gnu-toolchain/bin/../lib/gcc/arm-none-eabi/4.9.3/armv6-m/crtbegin.o

.eh_frame       0x00003988        0x0
 .eh_frame      0x00003988        0x0 d:/program files (x86)/atmel/studio/7.0/toolchain/arm/arm-gnu-toolchain/bin/../lib/gcc/arm-none-eabi/4.9.3/armv6-m/crtbegin.o

.rel.dyn        0x00003988        0x0
 .rel.iplt      0x00000000        0x0 d:/program files (x86)/atmel/studio/7.0/toolchain/arm/arm-gnu-toolchain/bin/../lib/gcc/arm-none-eabi/4.9.3/armv6-m/crtbegin.o

.jcr            0x00003988        0x0
 .jcr           0x00003988        0x0 d:/program files (x86)/atmel/studio/7.0/toolchain/arm/arm-gnu-toolchain/bin/../lib/gcc/arm-none-eabi/4.9.3/armv6-m/crtbegin.o

.igot.plt       0x00003988        0x0
 .igot.plt      0x00000000        0x0 d:/program files (x86)/atmel/studio/7.0/toolchain/arm/arm-gnu-toolchain/bin/../lib/gcc/arm-none-eabi/4.9.3/armv6-m/crtbegin.o

.ARM.exidx
 *(.ARM.exidx* .gnu.linkonce.armexidx.*)
                0x00003988                PROVIDE (__exidx_end, .)
                0x00003988                . = ALIGN (0x4)
                0x00003988                _etext = .

.relocate       0x20000000       0x18 load address 0x00003988
                0x20000000                . = ALIGN (0x4)
                0x20000000                _srelocate = .
 *(.ramfunc .ramfunc.*)
 *(.data .data.*)
 .data.hs_auto_mode_delay
                0x20000000        0x1 src/usart_app.o
                0x20000000                hs_auto_mode_delay
 *fill*         0x20000001        0x3 
 .data.usart_tx_frame
                0x20000004        0x8 src/usart_link.o
                0x20000004                usart_tx_frame
 .data.usart_rx_frame
                0x2000000c        0x8 src/usart_link.o
                0x2000000c                usart_rx_frame
 .data.g_interrupt_enabled
                0x20000014        0x1 src/ASF/common/utils/interrupt/interrupt_sam_nvic.o
                0x20000014                g_interrupt_enabled
                0x20000018                . = ALIGN (0x4)
 *fill*         0x20000015        0x3 
                0x20000018                _erelocate = .

.bss            0x20000018      0x320 load address 0x000039a0
                0x20000018                . = ALIGN (0x4)
                0x20000018                _sbss = .
                0x20000018                _szero = .
 *(.bss .bss.*)
 .bss           0x20000018       0x1c d:/program files (x86)/atmel/studio/7.0/toolchain/arm/arm-gnu-toolchain/bin/../lib/gcc/arm-none-eabi/4.9.3/armv6-m/crtbegin.o
 .bss._nvm_dev  0x20000034        0x6 src/ASF/sam0/drivers/nvm/nvm.o
 .bss.p_fifo_tail
                0x2000003a        0x1 src/fw_update.o
                0x2000003a                p_fifo_tail
 *fill*         0x2000003b        0x1 
 .bss.fw_update_length
                0x2000003c        0x4 src/fw_update.o
                0x2000003c                fw_update_length
 .bss.fw_update_en
                0x20000040        0x1 src/fw_update.o
                0x20000040                fw_update_en
 .bss.p_fifo_head
                0x20000041        0x1 src/fw_update.o
                0x20000041                p_fifo_head
 *fill*         0x20000042        0x2 
 .bss.buff_fifo
                0x20000044       0x48 src/fw_update.o
                0x20000044                buff_fifo
 .bss.status.11050
                0x2000008c        0x1 src/fw_update.o
 *fill*         0x2000008d        0x3 
 .bss.curr_prog_addr.11052
                0x20000090        0x4 src/fw_update.o
 .bss.len.11051
                0x20000094        0x4 src/fw_update.o
 .bss.cfg_buff  0x20000098       0x40 src/fw_update.o
                0x20000098                cfg_buff
 .bss.hs_auto_mode_setting
                0x200000d8        0x1 src/usart_app.o
                0x200000d8                hs_auto_mode_setting
 .bss.usart_cmd_error
                0x200000d9        0x1 src/usart_app.o
                0x200000d9                usart_cmd_error
 *fill*         0x200000da        0x2 
 .bss.usart_rx_data
                0x200000dc        0x8 src/usart_app.o
                0x200000dc                usart_rx_data
 .bss.i2c_buff  0x200000e4      0x100 src/usart_i2c.o
                0x200000e4                i2c_buff
 .bss.usart_2_iic_ing
                0x200001e4        0x1 src/usart_i2c.o
                0x200001e4                usart_2_iic_ing
 .bss.total_len.11053
                0x200001e5        0x1 src/usart_i2c.o
 .bss.buff_tail
                0x200001e6        0x2 src/usart_i2c.o
                0x200001e6                buff_tail
 .bss.fsm_status
                0x200001e8        0x1 src/usart_i2c.o
                0x200001e8                fsm_status
 *fill*         0x200001e9        0x1 
 .bss.buff_head
                0x200001ea        0x2 src/usart_i2c.o
                0x200001ea                buff_head
 .bss.check_sum.11024
                0x200001ec        0x1 src/usart_link.o
 *fill*         0x200001ed        0x1 
 .bss.usart_rx_byte
                0x200001ee        0x2 src/usart_link.o
                0x200001ee                usart_rx_byte
 .bss.rx_data_seq.11023
                0x200001f0        0x1 src/usart_link.o
 *fill*         0x200001f1        0x1 
 .bss.first.11006
                0x200001f2        0x2 src/timer.o
 .bss.delay_time
                0x200001f4        0x2 src/timer.o
                0x200001f4                delay_time
 .bss.led_blink_times.11005
                0x200001f6        0x1 src/timer.o
 .bss.led_blink_en
                0x200001f7        0x1 src/timer.o
                0x200001f7                led_blink_en
 .bss.timer_counter.11003
                0x200001f8        0x2 src/timer.o
 .bss.timer_usart_i2c_timeout
                0x200001fa        0x1 src/timer.o
                0x200001fa                timer_usart_i2c_timeout
 .bss.timer_counter_usart.11004
                0x200001fb        0x1 src/timer.o
 .bss.cpu_irq_critical_section_counter
                0x200001fc        0x4 src/ASF/common/utils/interrupt/interrupt_sam_nvic.o
 .bss.cpu_irq_prev_interrupt_state
                0x20000200        0x1 src/ASF/common/utils/interrupt/interrupt_sam_nvic.o
 *fill*         0x20000201        0x3 
 .bss._sercom_config
                0x20000204        0x2 src/ASF/sam0/drivers/sercom/sercom.o
 .bss._handler_table_initialized
                0x20000206        0x1 src/ASF/sam0/drivers/sercom/sercom_interrupt.o
 *fill*         0x20000207        0x1 
 .bss._sercom_interrupt_handlers
                0x20000208       0x18 src/ASF/sam0/drivers/sercom/sercom_interrupt.o
 .bss._system_clock_inst
                0x20000220       0x14 src/ASF/sam0/drivers/system/clock/clock_samd20/clock.o
 .bss.module_form_factor
                0x20000234        0x1 src/main.o
                0x20000234                module_form_factor
 .bss.usart_status
                0x20000235        0x1 src/main.o
                0x20000235                usart_status
 *(COMMON)
 *fill*         0x20000236        0x2 
 COMMON         0x20000238        0x4 src/ASF/sam0/drivers/wdt/wdt_callback.o
                0x20000238                wdt_early_warning_callback
 COMMON         0x2000023c        0x8 src/fw_update.o
                0x2000023c                fw_rx_buff
 COMMON         0x20000244       0x28 src/i2c_master_link.o
                0x20000244                i2c_master_instance
 COMMON         0x2000026c       0x10 src/usart_i2c.o
                0x2000026c                packet
                0x20000278                op_info
 COMMON         0x2000027c       0x24 src/usart_link.o
                0x2000027c                usart_instance
 COMMON         0x200002a0       0x20 src/ASF/sam0/drivers/tc/tc_interrupt.o
                0x200002a0                _tc_instances
 COMMON         0x200002c0       0x1c src/timer.o
                0x200002c0                tc_instance
 COMMON         0x200002dc        0x1 src/ASF/sam0/drivers/extint/extint_callback.o
                0x200002dc                _current_channel
 *fill*         0x200002dd        0x3 
 COMMON         0x200002e0       0x40 src/ASF/sam0/drivers/extint/extint_sam_d_r/extint.o
                0x200002e0                _extint_dev
 COMMON         0x20000320       0x18 src/ASF/sam0/drivers/sercom/sercom_interrupt.o
                0x20000320                _sercom_instances
                0x20000338                . = ALIGN (0x4)
                0x20000338                _ebss = .
                0x20000338                _ezero = .

.stack          0x20000338     0x2000 load address 0x00003cc0
                0x20000338                . = ALIGN (0x8)
                0x20000338                _sstack = .
                0x20002338                . = (. + STACK_SIZE)
 *fill*         0x20000338     0x2000 
                0x20002338                . = ALIGN (0x8)
                0x20002338                _estack = .
                0x20002338                . = ALIGN (0x4)
                0x20002338                _end = .
OUTPUT(hot_swap_controller.elf elf32-littlearm)

.ARM.attributes
                0x00000000       0x28
 .ARM.attributes
                0x00000000       0x1e d:/program files (x86)/atmel/studio/7.0/toolchain/arm/arm-gnu-toolchain/bin/../lib/gcc/arm-none-eabi/4.9.3/armv6-m/crti.o
 .ARM.attributes
                0x0000001e       0x2c d:/program files (x86)/atmel/studio/7.0/toolchain/arm/arm-gnu-toolchain/bin/../lib/gcc/arm-none-eabi/4.9.3/armv6-m/crtbegin.o
 .ARM.attributes
                0x0000004a       0x32 src/ASF/sam0/drivers/nvm/nvm.o
 .ARM.attributes
                0x0000007c       0x32 src/ASF/sam0/drivers/sercom/i2c/i2c_samd20/i2c_master.o
 .ARM.attributes
                0x000000ae       0x32 src/ASF/sam0/drivers/sercom/i2c/i2c_samd20/i2c_master_interrupt.o
 .ARM.attributes
                0x000000e0       0x32 src/ASF/sam0/drivers/wdt/wdt.o
 .ARM.attributes
                0x00000112       0x32 src/ASF/sam0/drivers/wdt/wdt_callback.o
 .ARM.attributes
                0x00000144       0x32 src/fw_update.o
 .ARM.attributes
                0x00000176       0x32 src/i2c_master_link.o
 .ARM.attributes
                0x000001a8       0x32 src/usart_app.o
 .ARM.attributes
                0x000001da       0x32 src/usart_i2c.o
 .ARM.attributes
                0x0000020c       0x32 src/usart_link.o
 .ARM.attributes
                0x0000023e       0x32 src/ASF/sam0/drivers/tc/tc_interrupt.o
 .ARM.attributes
                0x00000270       0x32 src/ASF/sam0/drivers/tc/tc_sam_d_r/tc.o
 .ARM.attributes
                0x000002a2       0x32 src/gpio.o
 .ARM.attributes
                0x000002d4       0x32 src/timer.o
 .ARM.attributes
                0x00000306       0x32 src/ASF/sam0/drivers/extint/extint_callback.o
 .ARM.attributes
                0x00000338       0x32 src/ASF/sam0/drivers/extint/extint_sam_d_r/extint.o
 .ARM.attributes
                0x0000036a       0x32 src/ASF/common2/boards/user_board/init.o
 .ARM.attributes
                0x0000039c       0x32 src/ASF/common/utils/interrupt/interrupt_sam_nvic.o
 .ARM.attributes
                0x000003ce       0x32 src/ASF/sam0/drivers/port/port.o
 .ARM.attributes
                0x00000400       0x32 src/ASF/sam0/drivers/sercom/sercom.o
 .ARM.attributes
                0x00000432       0x32 src/ASF/sam0/drivers/sercom/sercom_interrupt.o
 .ARM.attributes
                0x00000464       0x32 src/ASF/sam0/drivers/sercom/usart/usart.o
 .ARM.attributes
                0x00000496       0x32 src/ASF/sam0/drivers/sercom/usart/usart_interrupt.o
 .ARM.attributes
                0x000004c8       0x32 src/ASF/sam0/drivers/system/clock/clock_samd20/clock.o
 .ARM.attributes
                0x000004fa       0x32 src/ASF/sam0/drivers/system/clock/clock_samd20/gclk.o
 .ARM.attributes
                0x0000052c       0x32 src/ASF/sam0/drivers/system/pinmux/pinmux.o
 .ARM.attributes
                0x0000055e       0x32 src/ASF/sam0/drivers/system/system.o
 .ARM.attributes
                0x00000590       0x32 src/ASF/sam0/utils/cmsis/samd20/source/gcc/startup_samd20.o
 .ARM.attributes
                0x000005c2       0x32 src/main.o
 .ARM.attributes
                0x000005f4       0x1e d:/program files (x86)/atmel/studio/7.0/toolchain/arm/arm-gnu-toolchain/bin/../lib/gcc/arm-none-eabi/4.9.3/armv6-m\libgcc.a(_udivsi3.o)
 .ARM.attributes
                0x00000612       0x1e d:/program files (x86)/atmel/studio/7.0/toolchain/arm/arm-gnu-toolchain/bin/../lib/gcc/arm-none-eabi/4.9.3/armv6-m\libgcc.a(_divsi3.o)
 .ARM.attributes
                0x00000630       0x1e d:/program files (x86)/atmel/studio/7.0/toolchain/arm/arm-gnu-toolchain/bin/../lib/gcc/arm-none-eabi/4.9.3/armv6-m\libgcc.a(_dvmd_tls.o)
 .ARM.attributes
                0x0000064e       0x2c d:/program files (x86)/atmel/studio/7.0/toolchain/arm/arm-gnu-toolchain/bin/../lib/gcc/arm-none-eabi/4.9.3/armv6-m\libgcc.a(_muldi3.o)
 .ARM.attributes
                0x0000067a       0x2c d:/program files (x86)/atmel/studio/7.0/toolchain/arm/arm-gnu-toolchain/bin/../lib/gcc/arm-none-eabi/4.9.3/../../../../arm-none-eabi/lib/armv6-m\libc_nano.a(lib_a-init.o)
 .ARM.attributes
                0x000006a6       0x2c d:/program files (x86)/atmel/studio/7.0/toolchain/arm/arm-gnu-toolchain/bin/../lib/gcc/arm-none-eabi/4.9.3/../../../../arm-none-eabi/lib/armv6-m\libc_nano.a(lib_a-memcpy.o)
 .ARM.attributes
                0x000006d2       0x2c d:/program files (x86)/atmel/studio/7.0/toolchain/arm/arm-gnu-toolchain/bin/../lib/gcc/arm-none-eabi/4.9.3/../../../../arm-none-eabi/lib/armv6-m\libc_nano.a(lib_a-memset.o)
 .ARM.attributes
                0x000006fe       0x1e d:/program files (x86)/atmel/studio/7.0/toolchain/arm/arm-gnu-toolchain/bin/../lib/gcc/arm-none-eabi/4.9.3/armv6-m/crtn.o

.comment        0x00000000       0x5b
 .comment       0x00000000       0x5b src/ASF/sam0/drivers/nvm/nvm.o
                                 0x5c (size before relaxing)
 .comment       0x00000000       0x5c src/ASF/sam0/drivers/sercom/i2c/i2c_samd20/i2c_master.o
 .comment       0x00000000       0x5c src/ASF/sam0/drivers/sercom/i2c/i2c_samd20/i2c_master_interrupt.o
 .comment       0x00000000       0x5c src/ASF/sam0/drivers/wdt/wdt.o
 .comment       0x00000000       0x5c src/ASF/sam0/drivers/wdt/wdt_callback.o
 .comment       0x00000000       0x5c src/fw_update.o
 .comment       0x00000000       0x5c src/i2c_master_link.o
 .comment       0x00000000       0x5c src/usart_app.o
 .comment       0x00000000       0x5c src/usart_i2c.o
 .comment       0x00000000       0x5c src/usart_link.o
 .comment       0x00000000       0x5c src/ASF/sam0/drivers/tc/tc_interrupt.o
 .comment       0x00000000       0x5c src/ASF/sam0/drivers/tc/tc_sam_d_r/tc.o
 .comment       0x00000000       0x5c src/gpio.o
 .comment       0x00000000       0x5c src/timer.o
 .comment       0x00000000       0x5c src/ASF/sam0/drivers/extint/extint_callback.o
 .comment       0x00000000       0x5c src/ASF/sam0/drivers/extint/extint_sam_d_r/extint.o
 .comment       0x00000000       0x5c src/ASF/common2/boards/user_board/init.o
 .comment       0x00000000       0x5c src/ASF/common/utils/interrupt/interrupt_sam_nvic.o
 .comment       0x00000000       0x5c src/ASF/sam0/drivers/port/port.o
 .comment       0x00000000       0x5c src/ASF/sam0/drivers/sercom/sercom.o
 .comment       0x00000000       0x5c src/ASF/sam0/drivers/sercom/sercom_interrupt.o
 .comment       0x00000000       0x5c src/ASF/sam0/drivers/sercom/usart/usart.o
 .comment       0x00000000       0x5c src/ASF/sam0/drivers/sercom/usart/usart_interrupt.o
 .comment       0x00000000       0x5c src/ASF/sam0/drivers/system/clock/clock_samd20/clock.o
 .comment       0x00000000       0x5c src/ASF/sam0/drivers/system/clock/clock_samd20/gclk.o
 .comment       0x00000000       0x5c src/ASF/sam0/drivers/system/pinmux/pinmux.o
 .comment       0x00000000       0x5c src/ASF/sam0/drivers/system/system.o
 .comment       0x00000000       0x5c src/ASF/sam0/utils/cmsis/samd20/source/gcc/startup_samd20.o
 .comment       0x00000000       0x5c src/main.o

.debug_info     0x00000000    0x2c6e6
 .debug_info    0x00000000     0x21fb src/ASF/sam0/drivers/nvm/nvm.o
 .debug_info    0x000021fb     0x40ad src/ASF/sam0/drivers/sercom/i2c/i2c_samd20/i2c_master.o
 .debug_info    0x000062a8     0x2310 src/ASF/sam0/drivers/sercom/i2c/i2c_samd20/i2c_master_interrupt.o
 .debug_info    0x000085b8     0x10c4 src/ASF/sam0/drivers/wdt/wdt.o
 .debug_info    0x0000967c      0x975 src/ASF/sam0/drivers/wdt/wdt_callback.o
 .debug_info    0x00009ff1      0xcdd src/fw_update.o
 .debug_info    0x0000acce     0x219f src/i2c_master_link.o
 .debug_info    0x0000ce6d     0x2800 src/usart_app.o
 .debug_info    0x0000f66d      0x678 src/usart_i2c.o
 .debug_info    0x0000fce5     0x24db src/usart_link.o
 .debug_info    0x000121c0     0x15f9 src/ASF/sam0/drivers/tc/tc_interrupt.o
 .debug_info    0x000137b9     0x2555 src/ASF/sam0/drivers/tc/tc_sam_d_r/tc.o
 .debug_info    0x00015d0e     0x12cb src/gpio.o
 .debug_info    0x00016fd9     0x211d src/timer.o
 .debug_info    0x000190f6     0x1026 src/ASF/sam0/drivers/extint/extint_callback.o
 .debug_info    0x0001a11c     0x2128 src/ASF/sam0/drivers/extint/extint_sam_d_r/extint.o
 .debug_info    0x0001c244      0x128 src/ASF/common2/boards/user_board/init.o
 .debug_info    0x0001c36c      0x1ec src/ASF/common/utils/interrupt/interrupt_sam_nvic.o
 .debug_info    0x0001c558      0x968 src/ASF/sam0/drivers/port/port.o
 .debug_info    0x0001cec0     0x1d96 src/ASF/sam0/drivers/sercom/sercom.o
 .debug_info    0x0001ec56     0x1b75 src/ASF/sam0/drivers/sercom/sercom_interrupt.o
 .debug_info    0x000207cb     0x399b src/ASF/sam0/drivers/sercom/usart/usart.o
 .debug_info    0x00024166     0x2140 src/ASF/sam0/drivers/sercom/usart/usart_interrupt.o
 .debug_info    0x000262a6     0x35cc src/ASF/sam0/drivers/system/clock/clock_samd20/clock.o
 .debug_info    0x00029872     0x1563 src/ASF/sam0/drivers/system/clock/clock_samd20/gclk.o
 .debug_info    0x0002add5      0xa87 src/ASF/sam0/drivers/system/pinmux/pinmux.o
 .debug_info    0x0002b85c      0x17a src/ASF/sam0/drivers/system/system.o
 .debug_info    0x0002b9d6      0x99f src/ASF/sam0/utils/cmsis/samd20/source/gcc/startup_samd20.o
 .debug_info    0x0002c375      0x371 src/main.o

.debug_abbrev   0x00000000     0x537e
 .debug_abbrev  0x00000000      0x46f src/ASF/sam0/drivers/nvm/nvm.o
 .debug_abbrev  0x0000046f      0x486 src/ASF/sam0/drivers/sercom/i2c/i2c_samd20/i2c_master.o
 .debug_abbrev  0x000008f5      0x3b0 src/ASF/sam0/drivers/sercom/i2c/i2c_samd20/i2c_master_interrupt.o
 .debug_abbrev  0x00000ca5      0x2bd src/ASF/sam0/drivers/wdt/wdt.o
 .debug_abbrev  0x00000f62      0x24c src/ASF/sam0/drivers/wdt/wdt_callback.o
 .debug_abbrev  0x000011ae      0x327 src/fw_update.o
 .debug_abbrev  0x000014d5      0x306 src/i2c_master_link.o
 .debug_abbrev  0x000017db      0x3a8 src/usart_app.o
 .debug_abbrev  0x00001b83      0x226 src/usart_i2c.o
 .debug_abbrev  0x00001da9      0x344 src/usart_link.o
 .debug_abbrev  0x000020ed      0x2ae src/ASF/sam0/drivers/tc/tc_interrupt.o
 .debug_abbrev  0x0000239b      0x427 src/ASF/sam0/drivers/tc/tc_sam_d_r/tc.o
 .debug_abbrev  0x000027c2      0x2a6 src/gpio.o
 .debug_abbrev  0x00002a68      0x395 src/timer.o
 .debug_abbrev  0x00002dfd      0x29d src/ASF/sam0/drivers/extint/extint_callback.o
 .debug_abbrev  0x0000309a      0x401 src/ASF/sam0/drivers/extint/extint_sam_d_r/extint.o
 .debug_abbrev  0x0000349b       0x93 src/ASF/common2/boards/user_board/init.o
 .debug_abbrev  0x0000352e       0xf6 src/ASF/common/utils/interrupt/interrupt_sam_nvic.o
 .debug_abbrev  0x00003624      0x1da src/ASF/sam0/drivers/port/port.o
 .debug_abbrev  0x000037fe      0x2fc src/ASF/sam0/drivers/sercom/sercom.o
 .debug_abbrev  0x00003afa      0x22c src/ASF/sam0/drivers/sercom/sercom_interrupt.o
 .debug_abbrev  0x00003d26      0x40d src/ASF/sam0/drivers/sercom/usart/usart.o
 .debug_abbrev  0x00004133      0x3f7 src/ASF/sam0/drivers/sercom/usart/usart_interrupt.o
 .debug_abbrev  0x0000452a      0x4b5 src/ASF/sam0/drivers/system/clock/clock_samd20/clock.o
 .debug_abbrev  0x000049df      0x3c9 src/ASF/sam0/drivers/system/clock/clock_samd20/gclk.o
 .debug_abbrev  0x00004da8      0x27c src/ASF/sam0/drivers/system/pinmux/pinmux.o
 .debug_abbrev  0x00005024       0xb9 src/ASF/sam0/drivers/system/system.o
 .debug_abbrev  0x000050dd      0x1d8 src/ASF/sam0/utils/cmsis/samd20/source/gcc/startup_samd20.o
 .debug_abbrev  0x000052b5       0xc9 src/main.o

.debug_loc      0x00000000     0xba62
 .debug_loc     0x00000000     0x12c0 src/ASF/sam0/drivers/nvm/nvm.o
 .debug_loc     0x000012c0     0x11af src/ASF/sam0/drivers/sercom/i2c/i2c_samd20/i2c_master.o
 .debug_loc     0x0000246f      0x6df src/ASF/sam0/drivers/sercom/i2c/i2c_samd20/i2c_master_interrupt.o
 .debug_loc     0x00002b4e       0xd5 src/ASF/sam0/drivers/wdt/wdt.o
 .debug_loc     0x00002c23       0xdf src/ASF/sam0/drivers/wdt/wdt_callback.o
 .debug_loc     0x00002d02      0x387 src/fw_update.o
 .debug_loc     0x00003089      0x174 src/i2c_master_link.o
 .debug_loc     0x000031fd     0x1f9c src/usart_app.o
 .debug_loc     0x00005199      0x27f src/usart_i2c.o
 .debug_loc     0x00005418      0x34d src/usart_link.o
 .debug_loc     0x00005765      0x434 src/ASF/sam0/drivers/tc/tc_interrupt.o
 .debug_loc     0x00005b99     0x105f src/ASF/sam0/drivers/tc/tc_sam_d_r/tc.o
 .debug_loc     0x00006bf8      0xa77 src/gpio.o
 .debug_loc     0x0000766f      0x167 src/timer.o
 .debug_loc     0x000077d6      0x2f3 src/ASF/sam0/drivers/extint/extint_callback.o
 .debug_loc     0x00007ac9      0x455 src/ASF/sam0/drivers/extint/extint_sam_d_r/extint.o
 .debug_loc     0x00007f1e       0x2b src/ASF/common/utils/interrupt/interrupt_sam_nvic.o
 .debug_loc     0x00007f49      0x16d src/ASF/sam0/drivers/port/port.o
 .debug_loc     0x000080b6      0xa55 src/ASF/sam0/drivers/sercom/sercom.o
 .debug_loc     0x00008b0b      0x1c8 src/ASF/sam0/drivers/sercom/sercom_interrupt.o
 .debug_loc     0x00008cd3      0xcc7 src/ASF/sam0/drivers/sercom/usart/usart.o
 .debug_loc     0x0000999a      0x786 src/ASF/sam0/drivers/sercom/usart/usart_interrupt.o
 .debug_loc     0x0000a120      0xe7e src/ASF/sam0/drivers/system/clock/clock_samd20/clock.o
 .debug_loc     0x0000af9e      0x60b src/ASF/sam0/drivers/system/clock/clock_samd20/gclk.o
 .debug_loc     0x0000b5a9      0x44d src/ASF/sam0/drivers/system/pinmux/pinmux.o
 .debug_loc     0x0000b9f6       0x20 src/ASF/sam0/drivers/system/system.o
 .debug_loc     0x0000ba16       0x20 src/ASF/sam0/utils/cmsis/samd20/source/gcc/startup_samd20.o
 .debug_loc     0x0000ba36       0x2c src/main.o

.debug_aranges  0x00000000      0x7c0
 .debug_aranges
                0x00000000       0x68 src/ASF/sam0/drivers/nvm/nvm.o
 .debug_aranges
                0x00000068       0x80 src/ASF/sam0/drivers/sercom/i2c/i2c_samd20/i2c_master.o
 .debug_aranges
                0x000000e8       0x68 src/ASF/sam0/drivers/sercom/i2c/i2c_samd20/i2c_master_interrupt.o
 .debug_aranges
                0x00000150       0x28 src/ASF/sam0/drivers/wdt/wdt.o
 .debug_aranges
                0x00000178       0x40 src/ASF/sam0/drivers/wdt/wdt_callback.o
 .debug_aranges
                0x000001b8       0x30 src/fw_update.o
 .debug_aranges
                0x000001e8       0x30 src/i2c_master_link.o
 .debug_aranges
                0x00000218       0x40 src/usart_app.o
 .debug_aranges
                0x00000258       0x28 src/usart_i2c.o
 .debug_aranges
                0x00000280       0x48 src/usart_link.o
 .debug_aranges
                0x000002c8       0x70 src/ASF/sam0/drivers/tc/tc_interrupt.o
 .debug_aranges
                0x00000338       0x58 src/ASF/sam0/drivers/tc/tc_sam_d_r/tc.o
 .debug_aranges
                0x00000390       0x20 src/gpio.o
 .debug_aranges
                0x000003b0       0x30 src/timer.o
 .debug_aranges
                0x000003e0       0x48 src/ASF/sam0/drivers/extint/extint_callback.o
 .debug_aranges
                0x00000428       0x48 src/ASF/sam0/drivers/extint/extint_sam_d_r/extint.o
 .debug_aranges
                0x00000470       0x20 src/ASF/common2/boards/user_board/init.o
 .debug_aranges
                0x00000490       0x28 src/ASF/common/utils/interrupt/interrupt_sam_nvic.o
 .debug_aranges
                0x000004b8       0x28 src/ASF/sam0/drivers/port/port.o
 .debug_aranges
                0x000004e0       0x40 src/ASF/sam0/drivers/sercom/sercom.o
 .debug_aranges
                0x00000520       0x60 src/ASF/sam0/drivers/sercom/sercom_interrupt.o
 .debug_aranges
                0x00000580       0x40 src/ASF/sam0/drivers/sercom/usart/usart.o
 .debug_aranges
                0x000005c0       0x70 src/ASF/sam0/drivers/sercom/usart/usart_interrupt.o
 .debug_aranges
                0x00000630       0x70 src/ASF/sam0/drivers/system/clock/clock_samd20/clock.o
 .debug_aranges
                0x000006a0       0x80 src/ASF/sam0/drivers/system/clock/clock_samd20/gclk.o
 .debug_aranges
                0x00000720       0x30 src/ASF/sam0/drivers/system/pinmux/pinmux.o
 .debug_aranges
                0x00000750       0x28 src/ASF/sam0/drivers/system/system.o
 .debug_aranges
                0x00000778       0x28 src/ASF/sam0/utils/cmsis/samd20/source/gcc/startup_samd20.o
 .debug_aranges
                0x000007a0       0x20 src/main.o

.debug_ranges   0x00000000     0x2270
 .debug_ranges  0x00000000      0x418 src/ASF/sam0/drivers/nvm/nvm.o
 .debug_ranges  0x00000418      0x1c8 src/ASF/sam0/drivers/sercom/i2c/i2c_samd20/i2c_master.o
 .debug_ranges  0x000005e0      0x168 src/ASF/sam0/drivers/sercom/i2c/i2c_samd20/i2c_master_interrupt.o
 .debug_ranges  0x00000748       0x58 src/ASF/sam0/drivers/wdt/wdt.o
 .debug_ranges  0x000007a0       0x48 src/ASF/sam0/drivers/wdt/wdt_callback.o
 .debug_ranges  0x000007e8      0x100 src/fw_update.o
 .debug_ranges  0x000008e8       0x90 src/i2c_master_link.o
 .debug_ranges  0x00000978      0x5f8 src/usart_app.o
 .debug_ranges  0x00000f70       0x68 src/usart_i2c.o
 .debug_ranges  0x00000fd8      0x130 src/usart_link.o
 .debug_ranges  0x00001108      0x120 src/ASF/sam0/drivers/tc/tc_interrupt.o
 .debug_ranges  0x00001228      0x298 src/ASF/sam0/drivers/tc/tc_sam_d_r/tc.o
 .debug_ranges  0x000014c0      0x1d8 src/gpio.o
 .debug_ranges  0x00001698       0xb0 src/timer.o
 .debug_ranges  0x00001748       0x88 src/ASF/sam0/drivers/extint/extint_callback.o
 .debug_ranges  0x000017d0       0xc0 src/ASF/sam0/drivers/extint/extint_sam_d_r/extint.o
 .debug_ranges  0x00001890       0x10 src/ASF/common2/boards/user_board/init.o
 .debug_ranges  0x000018a0       0x18 src/ASF/common/utils/interrupt/interrupt_sam_nvic.o
 .debug_ranges  0x000018b8       0x48 src/ASF/sam0/drivers/port/port.o
 .debug_ranges  0x00001900       0xa8 src/ASF/sam0/drivers/sercom/sercom.o
 .debug_ranges  0x000019a8       0x68 src/ASF/sam0/drivers/sercom/sercom_interrupt.o
 .debug_ranges  0x00001a10      0x1f0 src/ASF/sam0/drivers/sercom/usart/usart.o
 .debug_ranges  0x00001c00      0x1a0 src/ASF/sam0/drivers/sercom/usart/usart_interrupt.o
 .debug_ranges  0x00001da0      0x240 src/ASF/sam0/drivers/system/clock/clock_samd20/clock.o
 .debug_ranges  0x00001fe0      0x1b8 src/ASF/sam0/drivers/system/clock/clock_samd20/gclk.o
 .debug_ranges  0x00002198       0x98 src/ASF/sam0/drivers/system/pinmux/pinmux.o
 .debug_ranges  0x00002230       0x18 src/ASF/sam0/drivers/system/system.o
 .debug_ranges  0x00002248       0x18 src/ASF/sam0/utils/cmsis/samd20/source/gcc/startup_samd20.o
 .debug_ranges  0x00002260       0x10 src/main.o

.debug_macro    0x00000000    0x17c83
 .debug_macro   0x00000000      0x4bb src/ASF/sam0/drivers/nvm/nvm.o
 .debug_macro   0x000004bb      0x868 src/ASF/sam0/drivers/nvm/nvm.o
 .debug_macro   0x00000d23      0x166 src/ASF/sam0/drivers/nvm/nvm.o
 .debug_macro   0x00000e89      0x621 src/ASF/sam0/drivers/nvm/nvm.o
 .debug_macro   0x000014aa       0x22 src/ASF/sam0/drivers/nvm/nvm.o
 .debug_macro   0x000014cc       0x44 src/ASF/sam0/drivers/nvm/nvm.o
 .debug_macro   0x00001510       0x58 src/ASF/sam0/drivers/nvm/nvm.o
 .debug_macro   0x00001568       0x22 src/ASF/sam0/drivers/nvm/nvm.o
 .debug_macro   0x0000158a      0x1df src/ASF/sam0/drivers/nvm/nvm.o
 .debug_macro   0x00001769       0x10 src/ASF/sam0/drivers/nvm/nvm.o
 .debug_macro   0x00001779       0x76 src/ASF/sam0/drivers/nvm/nvm.o
 .debug_macro   0x000017ef       0x16 src/ASF/sam0/drivers/nvm/nvm.o
 .debug_macro   0x00001805      0x6e5 src/ASF/sam0/drivers/nvm/nvm.o
 .debug_macro   0x00001eea      0xde2 src/ASF/sam0/drivers/nvm/nvm.o
 .debug_macro   0x00002ccc       0x22 src/ASF/sam0/drivers/nvm/nvm.o
 .debug_macro   0x00002cee       0x40 src/ASF/sam0/drivers/nvm/nvm.o
 .debug_macro   0x00002d2e       0x3a src/ASF/sam0/drivers/nvm/nvm.o
 .debug_macro   0x00002d68       0x1f src/ASF/sam0/drivers/nvm/nvm.o
 .debug_macro   0x00002d87      0x250 src/ASF/sam0/drivers/nvm/nvm.o
 .debug_macro   0x00002fd7      0x682 src/ASF/sam0/drivers/nvm/nvm.o
 .debug_macro   0x00003659      0x8c1 src/ASF/sam0/drivers/nvm/nvm.o
 .debug_macro   0x00003f1a      0x229 src/ASF/sam0/drivers/nvm/nvm.o
 .debug_macro   0x00004143      0x5bf src/ASF/sam0/drivers/nvm/nvm.o
 .debug_macro   0x00004702      0x9fb src/ASF/sam0/drivers/nvm/nvm.o
 .debug_macro   0x000050fd      0x5b8 src/ASF/sam0/drivers/nvm/nvm.o
 .debug_macro   0x000056b5      0x4b6 src/ASF/sam0/drivers/nvm/nvm.o
 .debug_macro   0x00005b6b      0x74c src/ASF/sam0/drivers/nvm/nvm.o
 .debug_macro   0x000062b7       0x5e src/ASF/sam0/drivers/nvm/nvm.o
 .debug_macro   0x00006315      0x5e2 src/ASF/sam0/drivers/nvm/nvm.o
 .debug_macro   0x000068f7      0x3b8 src/ASF/sam0/drivers/nvm/nvm.o
 .debug_macro   0x00006caf      0xc55 src/ASF/sam0/drivers/nvm/nvm.o
 .debug_macro   0x00007904      0xd29 src/ASF/sam0/drivers/nvm/nvm.o
 .debug_macro   0x0000862d      0x7b8 src/ASF/sam0/drivers/nvm/nvm.o
 .debug_macro   0x00008de5      0x6c2 src/ASF/sam0/drivers/nvm/nvm.o
 .debug_macro   0x000094a7      0x351 src/ASF/sam0/drivers/nvm/nvm.o
 .debug_macro   0x000097f8       0x7c src/ASF/sam0/drivers/nvm/nvm.o
 .debug_macro   0x00009874       0x9a src/ASF/sam0/drivers/nvm/nvm.o
 .debug_macro   0x0000990e       0x46 src/ASF/sam0/drivers/nvm/nvm.o
 .debug_macro   0x00009954       0xb2 src/ASF/sam0/drivers/nvm/nvm.o
 .debug_macro   0x00009a06       0x6a src/ASF/sam0/drivers/nvm/nvm.o
 .debug_macro   0x00009a70      0x287 src/ASF/sam0/drivers/nvm/nvm.o
 .debug_macro   0x00009cf7       0x82 src/ASF/sam0/drivers/nvm/nvm.o
 .debug_macro   0x00009d79       0xb8 src/ASF/sam0/drivers/nvm/nvm.o
 .debug_macro   0x00009e31       0x1c src/ASF/sam0/drivers/nvm/nvm.o
 .debug_macro   0x00009e4d       0x1c src/ASF/sam0/drivers/nvm/nvm.o
 .debug_macro   0x00009e69       0x1c src/ASF/sam0/drivers/nvm/nvm.o
 .debug_macro   0x00009e85       0x82 src/ASF/sam0/drivers/nvm/nvm.o
 .debug_macro   0x00009f07      0x164 src/ASF/sam0/drivers/nvm/nvm.o
 .debug_macro   0x0000a06b       0xdc src/ASF/sam0/drivers/nvm/nvm.o
 .debug_macro   0x0000a147      0x104 src/ASF/sam0/drivers/nvm/nvm.o
 .debug_macro   0x0000a24b      0x104 src/ASF/sam0/drivers/nvm/nvm.o
 .debug_macro   0x0000a34f      0x104 src/ASF/sam0/drivers/nvm/nvm.o
 .debug_macro   0x0000a453      0x104 src/ASF/sam0/drivers/nvm/nvm.o
 .debug_macro   0x0000a557      0x104 src/ASF/sam0/drivers/nvm/nvm.o
 .debug_macro   0x0000a65b      0x104 src/ASF/sam0/drivers/nvm/nvm.o
 .debug_macro   0x0000a75f       0xfa src/ASF/sam0/drivers/nvm/nvm.o
 .debug_macro   0x0000a859       0xbe src/ASF/sam0/drivers/nvm/nvm.o
 .debug_macro   0x0000a917       0xbe src/ASF/sam0/drivers/nvm/nvm.o
 .debug_macro   0x0000a9d5       0xbe src/ASF/sam0/drivers/nvm/nvm.o
 .debug_macro   0x0000aa93       0xbe src/ASF/sam0/drivers/nvm/nvm.o
 .debug_macro   0x0000ab51       0xbe src/ASF/sam0/drivers/nvm/nvm.o
 .debug_macro   0x0000ac0f       0xbe src/ASF/sam0/drivers/nvm/nvm.o
 .debug_macro   0x0000accd       0xbe src/ASF/sam0/drivers/nvm/nvm.o
 .debug_macro   0x0000ad8b       0xbe src/ASF/sam0/drivers/nvm/nvm.o
 .debug_macro   0x0000ae49       0x40 src/ASF/sam0/drivers/nvm/nvm.o
 .debug_macro   0x0000ae89      0x2e3 src/ASF/sam0/drivers/nvm/nvm.o
 .debug_macro   0x0000b16c     0x19c4 src/ASF/sam0/drivers/nvm/nvm.o
 .debug_macro   0x0000cb30       0x4a src/ASF/sam0/drivers/nvm/nvm.o
 .debug_macro   0x0000cb7a       0x58 src/ASF/sam0/drivers/nvm/nvm.o
 .debug_macro   0x0000cbd2       0x35 src/ASF/sam0/drivers/nvm/nvm.o
 .debug_macro   0x0000cc07       0x9c src/ASF/sam0/drivers/nvm/nvm.o
 .debug_macro   0x0000cca3       0x16 src/ASF/sam0/drivers/nvm/nvm.o
 .debug_macro   0x0000ccb9       0x35 src/ASF/sam0/drivers/nvm/nvm.o
 .debug_macro   0x0000ccee      0x29d src/ASF/sam0/drivers/nvm/nvm.o
 .debug_macro   0x0000cf8b       0x10 src/ASF/sam0/drivers/nvm/nvm.o
 .debug_macro   0x0000cf9b       0x52 src/ASF/sam0/drivers/nvm/nvm.o
 .debug_macro   0x0000cfed       0x16 src/ASF/sam0/drivers/nvm/nvm.o
 .debug_macro   0x0000d003       0x43 src/ASF/sam0/drivers/nvm/nvm.o
 .debug_macro   0x0000d046      0x180 src/ASF/sam0/drivers/nvm/nvm.o
 .debug_macro   0x0000d1c6       0x10 src/ASF/sam0/drivers/nvm/nvm.o
 .debug_macro   0x0000d1d6       0x22 src/ASF/sam0/drivers/nvm/nvm.o
 .debug_macro   0x0000d1f8       0xbe src/ASF/sam0/drivers/nvm/nvm.o
 .debug_macro   0x0000d2b6       0x16 src/ASF/sam0/drivers/nvm/nvm.o
 .debug_macro   0x0000d2cc      0x197 src/ASF/sam0/drivers/nvm/nvm.o
 .debug_macro   0x0000d463       0x16 src/ASF/sam0/drivers/nvm/nvm.o
 .debug_macro   0x0000d479       0x16 src/ASF/sam0/drivers/nvm/nvm.o
 .debug_macro   0x0000d48f       0x29 src/ASF/sam0/drivers/nvm/nvm.o
 .debug_macro   0x0000d4b8       0x51 src/ASF/sam0/drivers/nvm/nvm.o
 .debug_macro   0x0000d509       0x3f src/ASF/sam0/drivers/nvm/nvm.o
 .debug_macro   0x0000d548      0x3df src/ASF/sam0/drivers/nvm/nvm.o
 .debug_macro   0x0000d927       0x11 src/ASF/sam0/drivers/nvm/nvm.o
 .debug_macro   0x0000d938       0x2e src/ASF/sam0/drivers/nvm/nvm.o
 .debug_macro   0x0000d966       0x16 src/ASF/sam0/drivers/nvm/nvm.o
 .debug_macro   0x0000d97c      0x4d4 src/ASF/sam0/drivers/sercom/i2c/i2c_samd20/i2c_master.o
 .debug_macro   0x0000de50       0xb2 src/ASF/sam0/drivers/sercom/i2c/i2c_samd20/i2c_master.o
 .debug_macro   0x0000df02       0x10 src/ASF/sam0/drivers/sercom/i2c/i2c_samd20/i2c_master.o
 .debug_macro   0x0000df12      0x4d0 src/ASF/sam0/drivers/sercom/i2c/i2c_samd20/i2c_master_interrupt.o
 .debug_macro   0x0000e3e2      0x488 src/ASF/sam0/drivers/wdt/wdt.o
 .debug_macro   0x0000e86a      0x4a1 src/ASF/sam0/drivers/wdt/wdt_callback.o
 .debug_macro   0x0000ed0b      0x626 src/fw_update.o
 .debug_macro   0x0000f331      0x21f src/fw_update.o
 .debug_macro   0x0000f550       0x16 src/fw_update.o
 .debug_macro   0x0000f566       0x16 src/fw_update.o
 .debug_macro   0x0000f57c       0x12 src/fw_update.o
 .debug_macro   0x0000f58e       0x18 src/fw_update.o
 .debug_macro   0x0000f5a6       0x1c src/fw_update.o
 .debug_macro   0x0000f5c2       0x19 src/fw_update.o
 .debug_macro   0x0000f5db      0x279 src/fw_update.o
 .debug_macro   0x0000f854      0x105 src/fw_update.o
 .debug_macro   0x0000f959      0x8db src/fw_update.o
 .debug_macro   0x00010234       0x11 src/fw_update.o
 .debug_macro   0x00010245       0x11 src/fw_update.o
 .debug_macro   0x00010256       0x6c src/fw_update.o
 .debug_macro   0x000102c2       0x3a src/fw_update.o
 .debug_macro   0x000102fc      0x25a src/fw_update.o
 .debug_macro   0x00010556      0x611 src/i2c_master_link.o
 .debug_macro   0x00010b67       0x3a src/i2c_master_link.o
 .debug_macro   0x00010ba1      0x645 src/usart_app.o
 .debug_macro   0x000111e6       0x10 src/usart_app.o
 .debug_macro   0x000111f6       0x22 src/usart_app.o
 .debug_macro   0x00011218      0x63a src/usart_i2c.o
 .debug_macro   0x00011852      0x631 src/usart_link.o
 .debug_macro   0x00011e83      0x497 src/ASF/sam0/drivers/tc/tc_interrupt.o
 .debug_macro   0x0001231a       0x19 src/ASF/sam0/drivers/tc/tc_interrupt.o
 .debug_macro   0x00012333       0x51 src/ASF/sam0/drivers/tc/tc_interrupt.o
 .debug_macro   0x00012384      0x4b2 src/ASF/sam0/drivers/tc/tc_sam_d_r/tc.o
 .debug_macro   0x00012836      0x61d src/gpio.o
 .debug_macro   0x00012e53      0x627 src/timer.o
 .debug_macro   0x0001347a      0x44d src/ASF/sam0/drivers/extint/extint_callback.o
 .debug_macro   0x000138c7      0x4a9 src/ASF/sam0/drivers/extint/extint_sam_d_r/extint.o
 .debug_macro   0x00013d70       0x16 src/ASF/sam0/drivers/extint/extint_sam_d_r/extint.o
 .debug_macro   0x00013d86      0x607 src/ASF/common2/boards/user_board/init.o
 .debug_macro   0x0001438d      0x428 src/ASF/common/utils/interrupt/interrupt_sam_nvic.o
 .debug_macro   0x000147b5      0x442 src/ASF/sam0/drivers/port/port.o
 .debug_macro   0x00014bf7      0x4b7 src/ASF/sam0/drivers/sercom/sercom.o
 .debug_macro   0x000150ae      0x4b4 src/ASF/sam0/drivers/sercom/sercom_interrupt.o
 .debug_macro   0x00015562      0x4c8 src/ASF/sam0/drivers/sercom/usart/usart.o
 .debug_macro   0x00015a2a       0x19 src/ASF/sam0/drivers/sercom/usart/usart.o
 .debug_macro   0x00015a43      0x4c8 src/ASF/sam0/drivers/sercom/usart/usart_interrupt.o
 .debug_macro   0x00015f0b      0x54c src/ASF/sam0/drivers/system/clock/clock_samd20/clock.o
 .debug_macro   0x00016457      0x220 src/ASF/sam0/drivers/system/clock/clock_samd20/clock.o
 .debug_macro   0x00016677      0x45f src/ASF/sam0/drivers/system/clock/clock_samd20/gclk.o
 .debug_macro   0x00016ad6      0x43a src/ASF/sam0/drivers/system/pinmux/pinmux.o
 .debug_macro   0x00016f10      0x46d src/ASF/sam0/drivers/system/system.o
 .debug_macro   0x0001737d      0x27c src/ASF/sam0/utils/cmsis/samd20/source/gcc/startup_samd20.o
 .debug_macro   0x000175f9       0x3a src/ASF/sam0/utils/cmsis/samd20/source/gcc/startup_samd20.o
 .debug_macro   0x00017633      0x650 src/main.o

.debug_line     0x00000000    0x15d90
 .debug_line    0x00000000      0xf62 src/ASF/sam0/drivers/nvm/nvm.o
 .debug_line    0x00000f62      0xdf3 src/ASF/sam0/drivers/sercom/i2c/i2c_samd20/i2c_master.o
 .debug_line    0x00001d55      0xd39 src/ASF/sam0/drivers/sercom/i2c/i2c_samd20/i2c_master_interrupt.o
 .debug_line    0x00002a8e      0x9d5 src/ASF/sam0/drivers/wdt/wdt.o
 .debug_line    0x00003463      0xa3a src/ASF/sam0/drivers/wdt/wdt_callback.o
 .debug_line    0x00003e9d      0xe2a src/fw_update.o
 .debug_line    0x00004cc7      0xe20 src/i2c_master_link.o
 .debug_line    0x00005ae7     0x1114 src/usart_app.o
 .debug_line    0x00006bfb      0xe54 src/usart_i2c.o
 .debug_line    0x00007a4f      0xea6 src/usart_link.o
 .debug_line    0x000088f5      0xabc src/ASF/sam0/drivers/tc/tc_interrupt.o
 .debug_line    0x000093b1      0xd9e src/ASF/sam0/drivers/tc/tc_sam_d_r/tc.o
 .debug_line    0x0000a14f      0xf86 src/gpio.o
 .debug_line    0x0000b0d5      0xe31 src/timer.o
 .debug_line    0x0000bf06      0x8db src/ASF/sam0/drivers/extint/extint_callback.o
 .debug_line    0x0000c7e1      0xb4e src/ASF/sam0/drivers/extint/extint_sam_d_r/extint.o
 .debug_line    0x0000d32f      0xd22 src/ASF/common2/boards/user_board/init.o
 .debug_line    0x0000e051      0x7e1 src/ASF/common/utils/interrupt/interrupt_sam_nvic.o
 .debug_line    0x0000e832      0x825 src/ASF/sam0/drivers/port/port.o
 .debug_line    0x0000f057      0xb24 src/ASF/sam0/drivers/sercom/sercom.o
 .debug_line    0x0000fb7b      0xa6b src/ASF/sam0/drivers/sercom/sercom_interrupt.o
 .debug_line    0x000105e6      0xd1b src/ASF/sam0/drivers/sercom/usart/usart.o
 .debug_line    0x00011301      0xcda src/ASF/sam0/drivers/sercom/usart/usart_interrupt.o
 .debug_line    0x00011fdb      0xc7c src/ASF/sam0/drivers/system/clock/clock_samd20/clock.o
 .debug_line    0x00012c57      0xc39 src/ASF/sam0/drivers/system/clock/clock_samd20/gclk.o
 .debug_line    0x00013890      0x8a5 src/ASF/sam0/drivers/system/pinmux/pinmux.o
 .debug_line    0x00014135      0x8f3 src/ASF/sam0/drivers/system/system.o
 .debug_line    0x00014a28      0x5ce src/ASF/sam0/utils/cmsis/samd20/source/gcc/startup_samd20.o
 .debug_line    0x00014ff6      0xd9a src/main.o

.debug_str      0x00000000    0x6388a
 .debug_str     0x00000000    0x57adc src/ASF/sam0/drivers/nvm/nvm.o
                              0x58060 (size before relaxing)
 .debug_str     0x00057adc     0x1860 src/ASF/sam0/drivers/sercom/i2c/i2c_samd20/i2c_master.o
                              0x58b01 (size before relaxing)
 .debug_str     0x0005933c      0x24a src/ASF/sam0/drivers/sercom/i2c/i2c_samd20/i2c_master_interrupt.o
                              0x57d30 (size before relaxing)
 .debug_str     0x00059586      0x25f src/ASF/sam0/drivers/wdt/wdt.o
                              0x572ed (size before relaxing)
 .debug_str     0x000597e5      0x104 src/ASF/sam0/drivers/wdt/wdt_callback.o
                              0x57554 (size before relaxing)
 .debug_str     0x000598e9     0x489e src/fw_update.o
                              0x5c051 (size before relaxing)
 .debug_str     0x0005e187      0x162 src/i2c_master_link.o
                              0x5c19d (size before relaxing)
 .debug_str     0x0005e2e9      0x42f src/usart_app.o
                              0x5c2c4 (size before relaxing)
 .debug_str     0x0005e718      0x111 src/usart_i2c.o
                              0x5bde1 (size before relaxing)
 .debug_str     0x0005e829      0x57f src/usart_link.o
                              0x5ce46 (size before relaxing)
 .debug_str     0x0005eda8      0x3c5 src/ASF/sam0/drivers/tc/tc_interrupt.o
                              0x5773b (size before relaxing)
 .debug_str     0x0005f16d      0x52d src/ASF/sam0/drivers/tc/tc_sam_d_r/tc.o
                              0x57f52 (size before relaxing)
 .debug_str     0x0005f69a      0x120 src/gpio.o
                              0x5af5d (size before relaxing)
 .debug_str     0x0005f7ba      0x1ca src/timer.o
                              0x5c013 (size before relaxing)
 .debug_str     0x0005f984      0x4bc src/ASF/sam0/drivers/extint/extint_callback.o
                              0x571e3 (size before relaxing)
 .debug_str     0x0005fe40      0x3f9 src/ASF/sam0/drivers/extint/extint_sam_d_r/extint.o
                              0x5809a (size before relaxing)
 .debug_str     0x00060239       0x3e src/ASF/common2/boards/user_board/init.o
                              0x5abed (size before relaxing)
 .debug_str     0x00060277       0x9b src/ASF/common/utils/interrupt/interrupt_sam_nvic.o
                              0x569e2 (size before relaxing)
 .debug_str     0x00060312       0x53 src/ASF/sam0/drivers/port/port.o
                              0x56dac (size before relaxing)
 .debug_str     0x00060365      0x399 src/ASF/sam0/drivers/sercom/sercom.o
                              0x57eab (size before relaxing)
 .debug_str     0x000606fe      0x189 src/ASF/sam0/drivers/sercom/sercom_interrupt.o
                              0x57cf4 (size before relaxing)
 .debug_str     0x00060887       0xf4 src/ASF/sam0/drivers/sercom/usart/usart.o
                              0x587be (size before relaxing)
 .debug_str     0x0006097b      0x17c src/ASF/sam0/drivers/sercom/usart/usart_interrupt.o
                              0x57d49 (size before relaxing)
 .debug_str     0x00060af7     0x2629 src/ASF/sam0/drivers/system/clock/clock_samd20/clock.o
                              0x59c3e (size before relaxing)
 .debug_str     0x00063120      0x276 src/ASF/sam0/drivers/system/clock/clock_samd20/gclk.o
                              0x575cc (size before relaxing)
 .debug_str     0x00063396      0x130 src/ASF/sam0/drivers/system/pinmux/pinmux.o
                              0x56dd9 (size before relaxing)
 .debug_str     0x000634c6       0x47 src/ASF/sam0/drivers/system/system.o
                              0x56a4c (size before relaxing)
 .debug_str     0x0006350d      0x36a src/ASF/sam0/utils/cmsis/samd20/source/gcc/startup_samd20.o
                              0x42a7b (size before relaxing)
 .debug_str     0x00063877       0x13 src/main.o
                              0x5bd52 (size before relaxing)

.debug_frame    0x00000000     0x132c
 .debug_frame   0x00000000      0x130 src/ASF/sam0/drivers/nvm/nvm.o
 .debug_frame   0x00000130      0x178 src/ASF/sam0/drivers/sercom/i2c/i2c_samd20/i2c_master.o
 .debug_frame   0x000002a8      0x100 src/ASF/sam0/drivers/sercom/i2c/i2c_samd20/i2c_master_interrupt.o
 .debug_frame   0x000003a8       0x3c src/ASF/sam0/drivers/wdt/wdt.o
 .debug_frame   0x000003e4       0x68 src/ASF/sam0/drivers/wdt/wdt_callback.o
 .debug_frame   0x0000044c       0x6c src/fw_update.o
 .debug_frame   0x000004b8       0x6c src/i2c_master_link.o
 .debug_frame   0x00000524       0x8c src/usart_app.o
 .debug_frame   0x000005b0       0x48 src/usart_i2c.o
 .debug_frame   0x000005f8       0xac src/usart_link.o
 .debug_frame   0x000006a4      0x12c src/ASF/sam0/drivers/tc/tc_interrupt.o
 .debug_frame   0x000007d0       0xe0 src/ASF/sam0/drivers/tc/tc_sam_d_r/tc.o
 .debug_frame   0x000008b0       0x3c src/gpio.o
 .debug_frame   0x000008ec       0x5c src/timer.o
 .debug_frame   0x00000948       0x8c src/ASF/sam0/drivers/extint/extint_callback.o
 .debug_frame   0x000009d4       0xb4 src/ASF/sam0/drivers/extint/extint_sam_d_r/extint.o
 .debug_frame   0x00000a88       0x20 src/ASF/common2/boards/user_board/init.o
 .debug_frame   0x00000aa8       0x30 src/ASF/common/utils/interrupt/interrupt_sam_nvic.o
 .debug_frame   0x00000ad8       0x44 src/ASF/sam0/drivers/port/port.o
 .debug_frame   0x00000b1c       0xa0 src/ASF/sam0/drivers/sercom/sercom.o
 .debug_frame   0x00000bbc       0xe8 src/ASF/sam0/drivers/sercom/sercom_interrupt.o
 .debug_frame   0x00000ca4       0xb8 src/ASF/sam0/drivers/sercom/usart/usart.o
 .debug_frame   0x00000d5c      0x128 src/ASF/sam0/drivers/sercom/usart/usart_interrupt.o
 .debug_frame   0x00000e84      0x154 src/ASF/sam0/drivers/system/clock/clock_samd20/clock.o
 .debug_frame   0x00000fd8      0x15c src/ASF/sam0/drivers/system/clock/clock_samd20/gclk.o
 .debug_frame   0x00001134       0x68 src/ASF/sam0/drivers/system/pinmux/pinmux.o
 .debug_frame   0x0000119c       0x38 src/ASF/sam0/drivers/system/system.o
 .debug_frame   0x000011d4       0x38 src/ASF/sam0/utils/cmsis/samd20/source/gcc/startup_samd20.o
 .debug_frame   0x0000120c       0x38 src/main.o
 .debug_frame   0x00001244       0x20 d:/program files (x86)/atmel/studio/7.0/toolchain/arm/arm-gnu-toolchain/bin/../lib/gcc/arm-none-eabi/4.9.3/armv6-m\libgcc.a(_udivsi3.o)
 .debug_frame   0x00001264       0x20 d:/program files (x86)/atmel/studio/7.0/toolchain/arm/arm-gnu-toolchain/bin/../lib/gcc/arm-none-eabi/4.9.3/armv6-m\libgcc.a(_divsi3.o)
 .debug_frame   0x00001284       0x34 d:/program files (x86)/atmel/studio/7.0/toolchain/arm/arm-gnu-toolchain/bin/../lib/gcc/arm-none-eabi/4.9.3/armv6-m\libgcc.a(_muldi3.o)
 .debug_frame   0x000012b8       0x2c d:/program files (x86)/atmel/studio/7.0/toolchain/arm/arm-gnu-toolchain/bin/../lib/gcc/arm-none-eabi/4.9.3/../../../../arm-none-eabi/lib/armv6-m\libc_nano.a(lib_a-init.o)
 .debug_frame   0x000012e4       0x28 d:/program files (x86)/atmel/studio/7.0/toolchain/arm/arm-gnu-toolchain/bin/../lib/gcc/arm-none-eabi/4.9.3/../../../../arm-none-eabi/lib/armv6-m\libc_nano.a(lib_a-memcpy.o)
 .debug_frame   0x0000130c       0x20 d:/program files (x86)/atmel/studio/7.0/toolchain/arm/arm-gnu-toolchain/bin/../lib/gcc/arm-none-eabi/4.9.3/../../../../arm-none-eabi/lib/armv6-m\libc_nano.a(lib_a-memset.o)

Cross Reference Table

Symbol                                            File
AC_Handler                                        src/ASF/sam0/utils/cmsis/samd20/source/gcc/startup_samd20.o
ADC_Handler                                       src/ASF/sam0/utils/cmsis/samd20/source/gcc/startup_samd20.o
DAC_Handler                                       src/ASF/sam0/utils/cmsis/samd20/source/gcc/startup_samd20.o
Dummy_Handler                                     src/ASF/sam0/utils/cmsis/samd20/source/gcc/startup_samd20.o
EIC_Handler                                       src/ASF/sam0/drivers/extint/extint_callback.o
EVSYS_Handler                                     src/ASF/sam0/utils/cmsis/samd20/source/gcc/startup_samd20.o
HardFault_Handler                                 src/ASF/sam0/utils/cmsis/samd20/source/gcc/startup_samd20.o
NMI_Handler                                       src/ASF/sam0/utils/cmsis/samd20/source/gcc/startup_samd20.o
NVMCTRL_Handler                                   src/ASF/sam0/utils/cmsis/samd20/source/gcc/startup_samd20.o
PM_Handler                                        src/ASF/sam0/utils/cmsis/samd20/source/gcc/startup_samd20.o
PTC_Handler                                       src/ASF/sam0/utils/cmsis/samd20/source/gcc/startup_samd20.o
PendSV_Handler                                    src/ASF/sam0/utils/cmsis/samd20/source/gcc/startup_samd20.o
RTC_Handler                                       src/ASF/sam0/utils/cmsis/samd20/source/gcc/startup_samd20.o
Reset_Handler                                     src/ASF/sam0/utils/cmsis/samd20/source/gcc/startup_samd20.o
SERCOM0_Handler                                   src/ASF/sam0/drivers/sercom/sercom_interrupt.o
SERCOM1_Handler                                   src/ASF/sam0/drivers/sercom/sercom_interrupt.o
SERCOM2_Handler                                   src/ASF/sam0/drivers/sercom/sercom_interrupt.o
SERCOM3_Handler                                   src/ASF/sam0/drivers/sercom/sercom_interrupt.o
SERCOM4_Handler                                   src/ASF/sam0/drivers/sercom/sercom_interrupt.o
SERCOM5_Handler                                   src/ASF/sam0/drivers/sercom/sercom_interrupt.o
SVC_Handler                                       src/ASF/sam0/utils/cmsis/samd20/source/gcc/startup_samd20.o
SYSCTRL_Handler                                   src/ASF/sam0/utils/cmsis/samd20/source/gcc/startup_samd20.o
SysTick_Handler                                   src/ASF/sam0/utils/cmsis/samd20/source/gcc/startup_samd20.o
SystemCoreClock                                   src/ASF/sam0/utils/cmsis/samd20/source/system_samd20.o
SystemCoreClockUpdate                             src/ASF/sam0/utils/cmsis/samd20/source/system_samd20.o
SystemInit                                        src/ASF/sam0/utils/cmsis/samd20/source/system_samd20.o
TC0_Handler                                       src/ASF/sam0/drivers/tc/tc_interrupt.o
TC1_Handler                                       src/ASF/sam0/drivers/tc/tc_interrupt.o
TC2_Handler                                       src/ASF/sam0/drivers/tc/tc_interrupt.o
TC3_Handler                                       src/ASF/sam0/drivers/tc/tc_interrupt.o
TC4_Handler                                       src/ASF/sam0/drivers/tc/tc_interrupt.o
TC5_Handler                                       src/ASF/sam0/drivers/tc/tc_interrupt.o
TC6_Handler                                       src/ASF/sam0/drivers/tc/tc_interrupt.o
TC7_Handler                                       src/ASF/sam0/drivers/tc/tc_interrupt.o
WDT_Handler                                       src/ASF/sam0/drivers/wdt/wdt_callback.o
_Jv_RegisterClasses                               d:/program files (x86)/atmel/studio/7.0/toolchain/arm/arm-gnu-toolchain/bin/../lib/gcc/arm-none-eabi/4.9.3/armv6-m/crtbegin.o
__aeabi_idiv                                      d:/program files (x86)/atmel/studio/7.0/toolchain/arm/arm-gnu-toolchain/bin/../lib/gcc/arm-none-eabi/4.9.3/armv6-m\libgcc.a(_divsi3.o)
                                                  d:/program files (x86)/atmel/studio/7.0/toolchain/arm/arm-gnu-toolchain/bin/../lib/gcc/arm-none-eabi/4.9.3/../../../../arm-none-eabi/lib/armv6-m\libc_nano.a(lib_a-fvwrite.o)
__aeabi_idiv0                                     d:/program files (x86)/atmel/studio/7.0/toolchain/arm/arm-gnu-toolchain/bin/../lib/gcc/arm-none-eabi/4.9.3/armv6-m\libgcc.a(_dvmd_tls.o)
                                                  d:/program files (x86)/atmel/studio/7.0/toolchain/arm/arm-gnu-toolchain/bin/../lib/gcc/arm-none-eabi/4.9.3/armv6-m\libgcc.a(_divsi3.o)
                                                  d:/program files (x86)/atmel/studio/7.0/toolchain/arm/arm-gnu-toolchain/bin/../lib/gcc/arm-none-eabi/4.9.3/armv6-m\libgcc.a(_udivsi3.o)
__aeabi_idivmod                                   d:/program files (x86)/atmel/studio/7.0/toolchain/arm/arm-gnu-toolchain/bin/../lib/gcc/arm-none-eabi/4.9.3/armv6-m\libgcc.a(_divsi3.o)
                                                  src/timer.o
__aeabi_ldiv0                                     d:/program files (x86)/atmel/studio/7.0/toolchain/arm/arm-gnu-toolchain/bin/../lib/gcc/arm-none-eabi/4.9.3/armv6-m\libgcc.a(_dvmd_tls.o)
__aeabi_lmul                                      d:/program files (x86)/atmel/studio/7.0/toolchain/arm/arm-gnu-toolchain/bin/../lib/gcc/arm-none-eabi/4.9.3/armv6-m\libgcc.a(_muldi3.o)
                                                  src/ASF/sam0/drivers/sercom/sercom.o
__aeabi_uidiv                                     d:/program files (x86)/atmel/studio/7.0/toolchain/arm/arm-gnu-toolchain/bin/../lib/gcc/arm-none-eabi/4.9.3/armv6-m\libgcc.a(_udivsi3.o)
                                                  d:/program files (x86)/atmel/studio/7.0/toolchain/arm/arm-gnu-toolchain/bin/../lib/gcc/arm-none-eabi/4.9.3/../../../../arm-none-eabi/lib/armv6-m\libc_nano.a(lib_a-nano-vfprintf_i.o)
                                                  src/ASF/sam0/drivers/system/clock/clock_samd20/gclk.o
                                                  src/ASF/common2/services/delay/sam0/systick_counter.o
                                                  src/ASF/sam0/drivers/sercom/i2c/i2c_samd20/i2c_master.o
                                                  src/ASF/sam0/drivers/nvm/nvm.o
__aeabi_uidivmod                                  d:/program files (x86)/atmel/studio/7.0/toolchain/arm/arm-gnu-toolchain/bin/../lib/gcc/arm-none-eabi/4.9.3/armv6-m\libgcc.a(_udivsi3.o)
                                                  d:/program files (x86)/atmel/studio/7.0/toolchain/arm/arm-gnu-toolchain/bin/../lib/gcc/arm-none-eabi/4.9.3/../../../../arm-none-eabi/lib/armv6-m\libc_nano.a(lib_a-nano-vfprintf_i.o)
                                                  src/ASF/sam0/drivers/nvm/nvm.o
__bss_end__                                       d:/program files (x86)/atmel/studio/7.0/toolchain/arm/arm-gnu-toolchain/bin/../lib/gcc/arm-none-eabi/4.9.3/../../../../arm-none-eabi/lib/armv6-m/crt0.o
__bss_start__                                     d:/program files (x86)/atmel/studio/7.0/toolchain/arm/arm-gnu-toolchain/bin/../lib/gcc/arm-none-eabi/4.9.3/../../../../arm-none-eabi/lib/armv6-m/crt0.o
__call_exitprocs                                  d:/program files (x86)/atmel/studio/7.0/toolchain/arm/arm-gnu-toolchain/bin/../lib/gcc/arm-none-eabi/4.9.3/../../../../arm-none-eabi/lib/armv6-m\libc_nano.a(lib_a-exit.o)
__deregister_frame_info                           d:/program files (x86)/atmel/studio/7.0/toolchain/arm/arm-gnu-toolchain/bin/../lib/gcc/arm-none-eabi/4.9.3/armv6-m/crtbegin.o
__divsi3                                          d:/program files (x86)/atmel/studio/7.0/toolchain/arm/arm-gnu-toolchain/bin/../lib/gcc/arm-none-eabi/4.9.3/armv6-m\libgcc.a(_divsi3.o)
__dso_handle                                      d:/program files (x86)/atmel/studio/7.0/toolchain/arm/arm-gnu-toolchain/bin/../lib/gcc/arm-none-eabi/4.9.3/armv6-m/crtbegin.o
__fp_lock_all                                     d:/program files (x86)/atmel/studio/7.0/toolchain/arm/arm-gnu-toolchain/bin/../lib/gcc/arm-none-eabi/4.9.3/../../../../arm-none-eabi/lib/armv6-m\libc_nano.a(lib_a-findfp.o)
__fp_unlock_all                                   d:/program files (x86)/atmel/studio/7.0/toolchain/arm/arm-gnu-toolchain/bin/../lib/gcc/arm-none-eabi/4.9.3/../../../../arm-none-eabi/lib/armv6-m\libc_nano.a(lib_a-findfp.o)
__init_array_end                                  d:/program files (x86)/atmel/studio/7.0/toolchain/arm/arm-gnu-toolchain/bin/../lib/gcc/arm-none-eabi/4.9.3/../../../../arm-none-eabi/lib/armv6-m\libc_nano.a(lib_a-init.o)
__init_array_start                                d:/program files (x86)/atmel/studio/7.0/toolchain/arm/arm-gnu-toolchain/bin/../lib/gcc/arm-none-eabi/4.9.3/../../../../arm-none-eabi/lib/armv6-m\libc_nano.a(lib_a-init.o)
__libc_fini_array                                 d:/program files (x86)/atmel/studio/7.0/toolchain/arm/arm-gnu-toolchain/bin/../lib/gcc/arm-none-eabi/4.9.3/../../../../arm-none-eabi/lib/armv6-m/crt0.o
__libc_init_array                                 d:/program files (x86)/atmel/studio/7.0/toolchain/arm/arm-gnu-toolchain/bin/../lib/gcc/arm-none-eabi/4.9.3/../../../../arm-none-eabi/lib/armv6-m\libc_nano.a(lib_a-init.o)
                                                  src/ASF/sam0/utils/cmsis/samd20/source/gcc/startup_samd20.o
                                                  d:/program files (x86)/atmel/studio/7.0/toolchain/arm/arm-gnu-toolchain/bin/../lib/gcc/arm-none-eabi/4.9.3/../../../../arm-none-eabi/lib/armv6-m/crt0.o
__malloc_free_list                                d:/program files (x86)/atmel/studio/7.0/toolchain/arm/arm-gnu-toolchain/bin/../lib/gcc/arm-none-eabi/4.9.3/../../../../arm-none-eabi/lib/armv6-m\libc_nano.a(lib_a-nano-mallocr.o)
                                                  d:/program files (x86)/atmel/studio/7.0/toolchain/arm/arm-gnu-toolchain/bin/../lib/gcc/arm-none-eabi/4.9.3/../../../../arm-none-eabi/lib/armv6-m\libc_nano.a(lib_a-nano-freer.o)
__malloc_sbrk_start                               d:/program files (x86)/atmel/studio/7.0/toolchain/arm/arm-gnu-toolchain/bin/../lib/gcc/arm-none-eabi/4.9.3/../../../../arm-none-eabi/lib/armv6-m\libc_nano.a(lib_a-nano-mallocr.o)
__muldi3                                          d:/program files (x86)/atmel/studio/7.0/toolchain/arm/arm-gnu-toolchain/bin/../lib/gcc/arm-none-eabi/4.9.3/armv6-m\libgcc.a(_muldi3.o)
__preinit_array_end                               d:/program files (x86)/atmel/studio/7.0/toolchain/arm/arm-gnu-toolchain/bin/../lib/gcc/arm-none-eabi/4.9.3/../../../../arm-none-eabi/lib/armv6-m\libc_nano.a(lib_a-init.o)
__preinit_array_start                             d:/program files (x86)/atmel/studio/7.0/toolchain/arm/arm-gnu-toolchain/bin/../lib/gcc/arm-none-eabi/4.9.3/../../../../arm-none-eabi/lib/armv6-m\libc_nano.a(lib_a-init.o)
__register_frame_info                             d:/program files (x86)/atmel/studio/7.0/toolchain/arm/arm-gnu-toolchain/bin/../lib/gcc/arm-none-eabi/4.9.3/armv6-m/crtbegin.o
__sclose                                          d:/program files (x86)/atmel/studio/7.0/toolchain/arm/arm-gnu-toolchain/bin/../lib/gcc/arm-none-eabi/4.9.3/../../../../arm-none-eabi/lib/armv6-m\libc_nano.a(lib_a-stdio.o)
                                                  d:/program files (x86)/atmel/studio/7.0/toolchain/arm/arm-gnu-toolchain/bin/../lib/gcc/arm-none-eabi/4.9.3/../../../../arm-none-eabi/lib/armv6-m\libc_nano.a(lib_a-findfp.o)
__seofread                                        d:/program files (x86)/atmel/studio/7.0/toolchain/arm/arm-gnu-toolchain/bin/../lib/gcc/arm-none-eabi/4.9.3/../../../../arm-none-eabi/lib/armv6-m\libc_nano.a(lib_a-stdio.o)
__sf_fake_stderr                                  d:/program files (x86)/atmel/studio/7.0/toolchain/arm/arm-gnu-toolchain/bin/../lib/gcc/arm-none-eabi/4.9.3/../../../../arm-none-eabi/lib/armv6-m\libc_nano.a(lib_a-findfp.o)
                                                  d:/program files (x86)/atmel/studio/7.0/toolchain/arm/arm-gnu-toolchain/bin/../lib/gcc/arm-none-eabi/4.9.3/../../../../arm-none-eabi/lib/armv6-m\libc_nano.a(lib_a-fflush.o)
                                                  d:/program files (x86)/atmel/studio/7.0/toolchain/arm/arm-gnu-toolchain/bin/../lib/gcc/arm-none-eabi/4.9.3/../../../../arm-none-eabi/lib/armv6-m\libc_nano.a(lib_a-wsetup.o)
                                                  d:/program files (x86)/atmel/studio/7.0/toolchain/arm/arm-gnu-toolchain/bin/../lib/gcc/arm-none-eabi/4.9.3/../../../../arm-none-eabi/lib/armv6-m\libc_nano.a(lib_a-wbuf.o)
                                                  d:/program files (x86)/atmel/studio/7.0/toolchain/arm/arm-gnu-toolchain/bin/../lib/gcc/arm-none-eabi/4.9.3/../../../../arm-none-eabi/lib/armv6-m\libc_nano.a(lib_a-nano-vfprintf.o)
                                                  d:/program files (x86)/atmel/studio/7.0/toolchain/arm/arm-gnu-toolchain/bin/../lib/gcc/arm-none-eabi/4.9.3/../../../../arm-none-eabi/lib/armv6-m\libc_nano.a(lib_a-impure.o)
__sf_fake_stdin                                   d:/program files (x86)/atmel/studio/7.0/toolchain/arm/arm-gnu-toolchain/bin/../lib/gcc/arm-none-eabi/4.9.3/../../../../arm-none-eabi/lib/armv6-m\libc_nano.a(lib_a-findfp.o)
                                                  d:/program files (x86)/atmel/studio/7.0/toolchain/arm/arm-gnu-toolchain/bin/../lib/gcc/arm-none-eabi/4.9.3/../../../../arm-none-eabi/lib/armv6-m\libc_nano.a(lib_a-fflush.o)
                                                  d:/program files (x86)/atmel/studio/7.0/toolchain/arm/arm-gnu-toolchain/bin/../lib/gcc/arm-none-eabi/4.9.3/../../../../arm-none-eabi/lib/armv6-m\libc_nano.a(lib_a-wsetup.o)
                                                  d:/program files (x86)/atmel/studio/7.0/toolchain/arm/arm-gnu-toolchain/bin/../lib/gcc/arm-none-eabi/4.9.3/../../../../arm-none-eabi/lib/armv6-m\libc_nano.a(lib_a-wbuf.o)
                                                  d:/program files (x86)/atmel/studio/7.0/toolchain/arm/arm-gnu-toolchain/bin/../lib/gcc/arm-none-eabi/4.9.3/../../../../arm-none-eabi/lib/armv6-m\libc_nano.a(lib_a-nano-vfprintf.o)
                                                  d:/program files (x86)/atmel/studio/7.0/toolchain/arm/arm-gnu-toolchain/bin/../lib/gcc/arm-none-eabi/4.9.3/../../../../arm-none-eabi/lib/armv6-m\libc_nano.a(lib_a-impure.o)
__sf_fake_stdout                                  d:/program files (x86)/atmel/studio/7.0/toolchain/arm/arm-gnu-toolchain/bin/../lib/gcc/arm-none-eabi/4.9.3/../../../../arm-none-eabi/lib/armv6-m\libc_nano.a(lib_a-findfp.o)
                                                  d:/program files (x86)/atmel/studio/7.0/toolchain/arm/arm-gnu-toolchain/bin/../lib/gcc/arm-none-eabi/4.9.3/../../../../arm-none-eabi/lib/armv6-m\libc_nano.a(lib_a-fflush.o)
                                                  d:/program files (x86)/atmel/studio/7.0/toolchain/arm/arm-gnu-toolchain/bin/../lib/gcc/arm-none-eabi/4.9.3/../../../../arm-none-eabi/lib/armv6-m\libc_nano.a(lib_a-wsetup.o)
                                                  d:/program files (x86)/atmel/studio/7.0/toolchain/arm/arm-gnu-toolchain/bin/../lib/gcc/arm-none-eabi/4.9.3/../../../../arm-none-eabi/lib/armv6-m\libc_nano.a(lib_a-wbuf.o)
                                                  d:/program files (x86)/atmel/studio/7.0/toolchain/arm/arm-gnu-toolchain/bin/../lib/gcc/arm-none-eabi/4.9.3/../../../../arm-none-eabi/lib/armv6-m\libc_nano.a(lib_a-nano-vfprintf.o)
                                                  d:/program files (x86)/atmel/studio/7.0/toolchain/arm/arm-gnu-toolchain/bin/../lib/gcc/arm-none-eabi/4.9.3/../../../../arm-none-eabi/lib/armv6-m\libc_nano.a(lib_a-impure.o)
__sflush_r                                        d:/program files (x86)/atmel/studio/7.0/toolchain/arm/arm-gnu-toolchain/bin/../lib/gcc/arm-none-eabi/4.9.3/../../../../arm-none-eabi/lib/armv6-m\libc_nano.a(lib_a-fflush.o)
__sfmoreglue                                      d:/program files (x86)/atmel/studio/7.0/toolchain/arm/arm-gnu-toolchain/bin/../lib/gcc/arm-none-eabi/4.9.3/../../../../arm-none-eabi/lib/armv6-m\libc_nano.a(lib_a-findfp.o)
__sfp                                             d:/program files (x86)/atmel/studio/7.0/toolchain/arm/arm-gnu-toolchain/bin/../lib/gcc/arm-none-eabi/4.9.3/../../../../arm-none-eabi/lib/armv6-m\libc_nano.a(lib_a-findfp.o)
__sfp_lock_acquire                                d:/program files (x86)/atmel/studio/7.0/toolchain/arm/arm-gnu-toolchain/bin/../lib/gcc/arm-none-eabi/4.9.3/../../../../arm-none-eabi/lib/armv6-m\libc_nano.a(lib_a-findfp.o)
__sfp_lock_release                                d:/program files (x86)/atmel/studio/7.0/toolchain/arm/arm-gnu-toolchain/bin/../lib/gcc/arm-none-eabi/4.9.3/../../../../arm-none-eabi/lib/armv6-m\libc_nano.a(lib_a-findfp.o)
__sfputs_r                                        d:/program files (x86)/atmel/studio/7.0/toolchain/arm/arm-gnu-toolchain/bin/../lib/gcc/arm-none-eabi/4.9.3/../../../../arm-none-eabi/lib/armv6-m\libc_nano.a(lib_a-nano-vfprintf.o)
__sfvwrite_r                                      d:/program files (x86)/atmel/studio/7.0/toolchain/arm/arm-gnu-toolchain/bin/../lib/gcc/arm-none-eabi/4.9.3/../../../../arm-none-eabi/lib/armv6-m\libc_nano.a(lib_a-fvwrite.o)
                                                  d:/program files (x86)/atmel/studio/7.0/toolchain/arm/arm-gnu-toolchain/bin/../lib/gcc/arm-none-eabi/4.9.3/../../../../arm-none-eabi/lib/armv6-m\libc_nano.a(lib_a-nano-vfprintf.o)
__sinit                                           d:/program files (x86)/atmel/studio/7.0/toolchain/arm/arm-gnu-toolchain/bin/../lib/gcc/arm-none-eabi/4.9.3/../../../../arm-none-eabi/lib/armv6-m\libc_nano.a(lib_a-findfp.o)
                                                  d:/program files (x86)/atmel/studio/7.0/toolchain/arm/arm-gnu-toolchain/bin/../lib/gcc/arm-none-eabi/4.9.3/../../../../arm-none-eabi/lib/armv6-m\libc_nano.a(lib_a-fflush.o)
                                                  d:/program files (x86)/atmel/studio/7.0/toolchain/arm/arm-gnu-toolchain/bin/../lib/gcc/arm-none-eabi/4.9.3/../../../../arm-none-eabi/lib/armv6-m\libc_nano.a(lib_a-wsetup.o)
                                                  d:/program files (x86)/atmel/studio/7.0/toolchain/arm/arm-gnu-toolchain/bin/../lib/gcc/arm-none-eabi/4.9.3/../../../../arm-none-eabi/lib/armv6-m\libc_nano.a(lib_a-wbuf.o)
                                                  d:/program files (x86)/atmel/studio/7.0/toolchain/arm/arm-gnu-toolchain/bin/../lib/gcc/arm-none-eabi/4.9.3/../../../../arm-none-eabi/lib/armv6-m\libc_nano.a(lib_a-nano-vfprintf.o)
                                                  d:/program files (x86)/atmel/studio/7.0/toolchain/arm/arm-gnu-toolchain/bin/../lib/gcc/arm-none-eabi/4.9.3/../../../../arm-none-eabi/lib/armv6-m\libc_nano.a(lib_a-printf.o)
__sinit_lock_acquire                              d:/program files (x86)/atmel/studio/7.0/toolchain/arm/arm-gnu-toolchain/bin/../lib/gcc/arm-none-eabi/4.9.3/../../../../arm-none-eabi/lib/armv6-m\libc_nano.a(lib_a-findfp.o)
__sinit_lock_release                              d:/program files (x86)/atmel/studio/7.0/toolchain/arm/arm-gnu-toolchain/bin/../lib/gcc/arm-none-eabi/4.9.3/../../../../arm-none-eabi/lib/armv6-m\libc_nano.a(lib_a-findfp.o)
__smakebuf_r                                      d:/program files (x86)/atmel/studio/7.0/toolchain/arm/arm-gnu-toolchain/bin/../lib/gcc/arm-none-eabi/4.9.3/../../../../arm-none-eabi/lib/armv6-m\libc_nano.a(lib_a-makebuf.o)
                                                  d:/program files (x86)/atmel/studio/7.0/toolchain/arm/arm-gnu-toolchain/bin/../lib/gcc/arm-none-eabi/4.9.3/../../../../arm-none-eabi/lib/armv6-m\libc_nano.a(lib_a-wsetup.o)
__sprint_r                                        d:/program files (x86)/atmel/studio/7.0/toolchain/arm/arm-gnu-toolchain/bin/../lib/gcc/arm-none-eabi/4.9.3/../../../../arm-none-eabi/lib/armv6-m\libc_nano.a(lib_a-nano-vfprintf.o)
__sread                                           d:/program files (x86)/atmel/studio/7.0/toolchain/arm/arm-gnu-toolchain/bin/../lib/gcc/arm-none-eabi/4.9.3/../../../../arm-none-eabi/lib/armv6-m\libc_nano.a(lib_a-stdio.o)
                                                  d:/program files (x86)/atmel/studio/7.0/toolchain/arm/arm-gnu-toolchain/bin/../lib/gcc/arm-none-eabi/4.9.3/../../../../arm-none-eabi/lib/armv6-m\libc_nano.a(lib_a-findfp.o)
__sseek                                           d:/program files (x86)/atmel/studio/7.0/toolchain/arm/arm-gnu-toolchain/bin/../lib/gcc/arm-none-eabi/4.9.3/../../../../arm-none-eabi/lib/armv6-m\libc_nano.a(lib_a-stdio.o)
                                                  d:/program files (x86)/atmel/studio/7.0/toolchain/arm/arm-gnu-toolchain/bin/../lib/gcc/arm-none-eabi/4.9.3/../../../../arm-none-eabi/lib/armv6-m\libc_nano.a(lib_a-findfp.o)
__stack                                           d:/program files (x86)/atmel/studio/7.0/toolchain/arm/arm-gnu-toolchain/bin/../lib/gcc/arm-none-eabi/4.9.3/../../../../arm-none-eabi/lib/armv6-m/crt0.o
__swbuf                                           d:/program files (x86)/atmel/studio/7.0/toolchain/arm/arm-gnu-toolchain/bin/../lib/gcc/arm-none-eabi/4.9.3/../../../../arm-none-eabi/lib/armv6-m\libc_nano.a(lib_a-wbuf.o)
__swbuf_r                                         d:/program files (x86)/atmel/studio/7.0/toolchain/arm/arm-gnu-toolchain/bin/../lib/gcc/arm-none-eabi/4.9.3/../../../../arm-none-eabi/lib/armv6-m\libc_nano.a(lib_a-wbuf.o)
                                                  d:/program files (x86)/atmel/studio/7.0/toolchain/arm/arm-gnu-toolchain/bin/../lib/gcc/arm-none-eabi/4.9.3/../../../../arm-none-eabi/lib/armv6-m\libc_nano.a(lib_a-nano-vfprintf.o)
__swrite                                          d:/program files (x86)/atmel/studio/7.0/toolchain/arm/arm-gnu-toolchain/bin/../lib/gcc/arm-none-eabi/4.9.3/../../../../arm-none-eabi/lib/armv6-m\libc_nano.a(lib_a-stdio.o)
                                                  d:/program files (x86)/atmel/studio/7.0/toolchain/arm/arm-gnu-toolchain/bin/../lib/gcc/arm-none-eabi/4.9.3/../../../../arm-none-eabi/lib/armv6-m\libc_nano.a(lib_a-findfp.o)
__swsetup_r                                       d:/program files (x86)/atmel/studio/7.0/toolchain/arm/arm-gnu-toolchain/bin/../lib/gcc/arm-none-eabi/4.9.3/../../../../arm-none-eabi/lib/armv6-m\libc_nano.a(lib_a-wsetup.o)
                                                  d:/program files (x86)/atmel/studio/7.0/toolchain/arm/arm-gnu-toolchain/bin/../lib/gcc/arm-none-eabi/4.9.3/../../../../arm-none-eabi/lib/armv6-m\libc_nano.a(lib_a-fvwrite.o)
                                                  d:/program files (x86)/atmel/studio/7.0/toolchain/arm/arm-gnu-toolchain/bin/../lib/gcc/arm-none-eabi/4.9.3/../../../../arm-none-eabi/lib/armv6-m\libc_nano.a(lib_a-wbuf.o)
                                                  d:/program files (x86)/atmel/studio/7.0/toolchain/arm/arm-gnu-toolchain/bin/../lib/gcc/arm-none-eabi/4.9.3/../../../../arm-none-eabi/lib/armv6-m\libc_nano.a(lib_a-nano-vfprintf.o)
__udivsi3                                         d:/program files (x86)/atmel/studio/7.0/toolchain/arm/arm-gnu-toolchain/bin/../lib/gcc/arm-none-eabi/4.9.3/armv6-m\libgcc.a(_udivsi3.o)
_cleanup                                          d:/program files (x86)/atmel/studio/7.0/toolchain/arm/arm-gnu-toolchain/bin/../lib/gcc/arm-none-eabi/4.9.3/../../../../arm-none-eabi/lib/armv6-m\libc_nano.a(lib_a-findfp.o)
_cleanup_r                                        d:/program files (x86)/atmel/studio/7.0/toolchain/arm/arm-gnu-toolchain/bin/../lib/gcc/arm-none-eabi/4.9.3/../../../../arm-none-eabi/lib/armv6-m\libc_nano.a(lib_a-findfp.o)
                                                  d:/program files (x86)/atmel/studio/7.0/toolchain/arm/arm-gnu-toolchain/bin/../lib/gcc/arm-none-eabi/4.9.3/../../../../arm-none-eabi/lib/armv6-m\libc_nano.a(lib_a-makebuf.o)
_close                                            src/ASF/sam0/utils/syscalls/gcc/syscalls.o